D:/DOCUMENT/CodeFile/F4BK/PRJ/Drivers/Modules/Src/Keypad.c:17:6:Keypad_Init	24	static
D:/DOCUMENT/CodeFile/F4BK/PRJ/Drivers/Modules/Src/Keypad.c:22:6:Keypad_EnableEXTI	8	static
D:/DOCUMENT/CodeFile/F4BK/PRJ/Drivers/Modules/Src/Keypad.c:28:6:Keypad_DisableEXTI	8	static
D:/DOCUMENT/CodeFile/F4BK/PRJ/Drivers/Modules/Src/Keypad.c:33:7:Keypad_Scan	80	static
D:/DOCUMENT/CodeFile/F4BK/PRJ/Drivers/Modules/Src/Keypad.c:93:6:Keypad_Password_Append	16	static
D:/DOCUMENT/CodeFile/F4BK/PRJ/Drivers/Modules/Src/Keypad.c:99:6:Keypad_Password_Del	4	static
D:/DOCUMENT/CodeFile/F4BK/PRJ/Drivers/Modules/Src/Keypad.c:106:9:Keypad_Password_GetLength	4	static
D:/DOCUMENT/CodeFile/F4BK/PRJ/Drivers/Modules/Src/Keypad.c:110:9:Keypad_Password_Verify	16	static
D:/DOCUMENT/CodeFile/F4BK/PRJ/Drivers/Modules/Src/Keypad.c:118:6:Keypad_Password_Reset	16	static
