C:/Users/DELL/RFID-Door-Lock-System-Using-RC522-and-PWM-on-STM32F103C8T6-/Drivers/Modules/Src/Oled.c:15:13:Oled_WriteCommand	32	static
C:/Users/DELL/RFID-Door-Lock-System-Using-RC522-and-PWM-on-STM32F103C8T6-/Drivers/Modules/Src/Oled.c:20:13:Oled_WriteData	32	static
C:/Users/DELL/RFID-Door-Lock-System-Using-RC522-and-PWM-on-STM32F103C8T6-/Drivers/Modules/Src/Oled.c:25:13:Oled_UpdateScreen	16	static
C:/Users/DELL/RFID-Door-Lock-System-Using-RC522-and-PWM-on-STM32F103C8T6-/Drivers/Modules/Src/Oled.c:34:6:Oled_Init	16	static
C:/Users/DELL/RFID-Door-Lock-System-Using-RC522-and-PWM-on-STM32F103C8T6-/Drivers/Modules/Src/Oled.c:114:6:Oled_Clear	8	static
C:/Users/DELL/RFID-Door-Lock-System-Using-RC522-and-PWM-on-STM32F103C8T6-/Drivers/Modules/Src/Oled.c:168:28:Oled_FindGlyph	24	static
C:/Users/DELL/RFID-Door-Lock-System-Using-RC522-and-PWM-on-STM32F103C8T6-/Drivers/Modules/Src/Oled.c:180:13:Oled_SetPixel	16	static
C:/Users/DELL/RFID-Door-Lock-System-Using-RC522-and-PWM-on-STM32F103C8T6-/Drivers/Modules/Src/Oled.c:191:13:Oled_DrawChar	40	static
C:/Users/DELL/RFID-Door-Lock-System-Using-RC522-and-PWM-on-STM32F103C8T6-/Drivers/Modules/Src/Oled.c:208:17:Oled_TextWidth	24	static
C:/Users/DELL/RFID-Door-Lock-System-Using-RC522-and-PWM-on-STM32F103C8T6-/Drivers/Modules/Src/Oled.c:217:13:Oled_DrawLineCentered	32	static
C:/Users/DELL/RFID-Door-Lock-System-Using-RC522-and-PWM-on-STM32F103C8T6-/Drivers/Modules/Src/Oled.c:236:13:Oled_ShowLines	32	static
C:/Users/DELL/RFID-Door-Lock-System-Using-RC522-and-PWM-on-STM32F103C8T6-/Drivers/Modules/Src/Oled.c:255:6:Oled_ShowStatus	16	static
