C:/Users/DELL/format/RFID-Door-Lock-System-Using-RC522-and-PWM-on-STM32F103C8T6-/Drivers/Modules/Src/Oled.c:102:13:Oled_WriteCommand	32	static
C:/Users/DELL/format/RFID-Door-Lock-System-Using-RC522-and-PWM-on-STM32F103C8T6-/Drivers/Modules/Src/Oled.c:107:13:Oled_WriteData	32	static
C:/Users/DELL/format/RFID-Door-Lock-System-Using-RC522-and-PWM-on-STM32F103C8T6-/Drivers/Modules/Src/Oled.c:112:13:Oled_UpdateScreen	16	static
C:/Users/DELL/format/RFID-Door-Lock-System-Using-RC522-and-PWM-on-STM32F103C8T6-/Drivers/Modules/Src/Oled.c:122:28:Oled_FindGlyph	24	static
C:/Users/DELL/format/RFID-Door-Lock-System-Using-RC522-and-PWM-on-STM32F103C8T6-/Drivers/Modules/Src/Oled.c:131:13:Oled_SetPixel	16	static
C:/Users/DELL/format/RFID-Door-Lock-System-Using-RC522-and-PWM-on-STM32F103C8T6-/Drivers/Modules/Src/Oled.c:138:13:Oled_DrawChar	40	static
C:/Users/DELL/format/RFID-Door-Lock-System-Using-RC522-and-PWM-on-STM32F103C8T6-/Drivers/Modules/Src/Oled.c:154:17:Oled_TextWidth	24	static
C:/Users/DELL/format/RFID-Door-Lock-System-Using-RC522-and-PWM-on-STM32F103C8T6-/Drivers/Modules/Src/Oled.c:161:13:Oled_DrawLineCentered	32	static
C:/Users/DELL/format/RFID-Door-Lock-System-Using-RC522-and-PWM-on-STM32F103C8T6-/Drivers/Modules/Src/Oled.c:172:6:Oled_Init	16	static
C:/Users/DELL/format/RFID-Door-Lock-System-Using-RC522-and-PWM-on-STM32F103C8T6-/Drivers/Modules/Src/Oled.c:204:6:Oled_Clear	8	static
C:/Users/DELL/format/RFID-Door-Lock-System-Using-RC522-and-PWM-on-STM32F103C8T6-/Drivers/Modules/Src/Oled.c:209:6:Oled_ShowLines	32	static
C:/Users/DELL/format/RFID-Door-Lock-System-Using-RC522-and-PWM-on-STM32F103C8T6-/Drivers/Modules/Src/Oled.c:227:6:Oled_ShowPasswordMask	32	static
C:/Users/DELL/format/RFID-Door-Lock-System-Using-RC522-and-PWM-on-STM32F103C8T6-/Drivers/Modules/Src/Oled.c:239:13:Oled_UintToStr	32	static
C:/Users/DELL/format/RFID-Door-Lock-System-Using-RC522-and-PWM-on-STM32F103C8T6-/Drivers/Modules/Src/Oled.c:259:6:Oled_ShowLockCountdown	32	static
