D:/DOCUMENT/CodeFile/F4BK/PRJ/Core/Src/main.c:77:5:main	8	static
D:/DOCUMENT/CodeFile/F4BK/PRJ/Core/Src/main.c:127:6:SystemClock_Config	72	static
D:/DOCUMENT/CodeFile/F4BK/PRJ/Core/Src/main.c:166:13:MX_I2C1_Init	8	static
D:/DOCUMENT/CodeFile/F4BK/PRJ/Core/Src/main.c:200:13:MX_SPI1_Init	8	static
D:/DOCUMENT/CodeFile/F4BK/PRJ/Core/Src/main.c:238:13:MX_TIM1_Init	32	static
D:/DOCUMENT/CodeFile/F4BK/PRJ/Core/Src/main.c:284:13:MX_TIM2_Init	64	static
D:/DOCUMENT/CodeFile/F4BK/PRJ/Core/Src/main.c:343:13:MX_USART1_UART_Init	8	static
D:/DOCUMENT/CodeFile/F4BK/PRJ/Core/Src/main.c:376:13:MX_GPIO_Init	32	static
D:/DOCUMENT/CodeFile/F4BK/PRJ/Core/Src/main.c:433:6:Error_Handler	4	static
