C:/Users/Admin/RFID-Door-Lock-System-Using-RC522-and-PWM-on-STM32F103C8T6-/Core/Src/mfrc522.c:4:6:TM_MFRC522_Init	8	static
C:/Users/Admin/RFID-Door-Lock-System-Using-RC522-and-PWM-on-STM32F103C8T6-/Core/Src/mfrc522.c:19:21:TM_MFRC522_Compare	24	static
C:/Users/Admin/RFID-Door-Lock-System-Using-RC522-and-PWM-on-STM32F103C8T6-/Core/Src/mfrc522.c:28:6:TM_MFRC522_WriteRegister	24	static
C:/Users/Admin/RFID-Door-Lock-System-Using-RC522-and-PWM-on-STM32F103C8T6-/Core/Src/mfrc522.c:39:9:TM_MFRC522_ReadRegister	32	static
C:/Users/Admin/RFID-Door-Lock-System-Using-RC522-and-PWM-on-STM32F103C8T6-/Core/Src/mfrc522.c:57:6:TM_MFRC522_SetBitMask	16	static
C:/Users/Admin/RFID-Door-Lock-System-Using-RC522-and-PWM-on-STM32F103C8T6-/Core/Src/mfrc522.c:61:6:TM_MFRC522_ClearBitMask	16	static
C:/Users/Admin/RFID-Door-Lock-System-Using-RC522-and-PWM-on-STM32F103C8T6-/Core/Src/mfrc522.c:65:6:TM_MFRC522_AntennaOn	16	static
C:/Users/Admin/RFID-Door-Lock-System-Using-RC522-and-PWM-on-STM32F103C8T6-/Core/Src/mfrc522.c:74:6:TM_MFRC522_AntennaOff	8	static
C:/Users/Admin/RFID-Door-Lock-System-Using-RC522-and-PWM-on-STM32F103C8T6-/Core/Src/mfrc522.c:78:6:TM_MFRC522_Reset	8	static
C:/Users/Admin/RFID-Door-Lock-System-Using-RC522-and-PWM-on-STM32F103C8T6-/Core/Src/mfrc522.c:82:21:TM_MFRC522_Request	32	static
C:/Users/Admin/RFID-Door-Lock-System-Using-RC522-and-PWM-on-STM32F103C8T6-/Core/Src/mfrc522.c:98:21:TM_MFRC522_ToCard	40	static
C:/Users/Admin/RFID-Door-Lock-System-Using-RC522-and-PWM-on-STM32F103C8T6-/Core/Src/mfrc522.c:185:21:TM_MFRC522_Anticoll	32	static
