Archive member included to satisfy reference by file (symbol)

c:/progra~2/armgnu~1/12977f~1.2mp/bin/../lib/gcc/arm-none-eabi/12.2.1/thumb/v7-m/nofp\libg_nano.a(libc_a-exit.o)
                              c:/progra~2/armgnu~1/12977f~1.2mp/bin/../lib/gcc/arm-none-eabi/12.2.1/thumb/v7-m/nofp/crt0.o (exit)
c:/progra~2/armgnu~1/12977f~1.2mp/bin/../lib/gcc/arm-none-eabi/12.2.1/thumb/v7-m/nofp\libg_nano.a(libc_a-findfp.o)
                              c:/progra~2/armgnu~1/12977f~1.2mp/bin/../lib/gcc/arm-none-eabi/12.2.1/thumb/v7-m/nofp\libg_nano.a(libc_a-exit.o) (__stdio_exit_handler)
c:/progra~2/armgnu~1/12977f~1.2mp/bin/../lib/gcc/arm-none-eabi/12.2.1/thumb/v7-m/nofp\libg_nano.a(libc_a-fwalk.o)
                              c:/progra~2/armgnu~1/12977f~1.2mp/bin/../lib/gcc/arm-none-eabi/12.2.1/thumb/v7-m/nofp\libg_nano.a(libc_a-findfp.o) (_fwalk_sglue)
c:/progra~2/armgnu~1/12977f~1.2mp/bin/../lib/gcc/arm-none-eabi/12.2.1/thumb/v7-m/nofp\libg_nano.a(libc_a-snprintf.o)
                              CMakeFiles/PRJ.dir/Drivers/Modules/Src/UART.c.obj (snprintf)
c:/progra~2/armgnu~1/12977f~1.2mp/bin/../lib/gcc/arm-none-eabi/12.2.1/thumb/v7-m/nofp\libg_nano.a(libc_a-sprintf.o)
                              CMakeFiles/PRJ.dir/Drivers/Modules/Src/RC522.c.obj (sprintf)
c:/progra~2/armgnu~1/12977f~1.2mp/bin/../lib/gcc/arm-none-eabi/12.2.1/thumb/v7-m/nofp\libg_nano.a(libc_a-stdio.o)
                              c:/progra~2/armgnu~1/12977f~1.2mp/bin/../lib/gcc/arm-none-eabi/12.2.1/thumb/v7-m/nofp\libg_nano.a(libc_a-findfp.o) (__sread)
c:/progra~2/armgnu~1/12977f~1.2mp/bin/../lib/gcc/arm-none-eabi/12.2.1/thumb/v7-m/nofp\libg_nano.a(libc_a-memcmp.o)
                              CMakeFiles/PRJ.dir/Drivers/Modules/Src/RC522.c.obj (memcmp)
c:/progra~2/armgnu~1/12977f~1.2mp/bin/../lib/gcc/arm-none-eabi/12.2.1/thumb/v7-m/nofp\libg_nano.a(libc_a-memset.o)
                              c:/progra~2/armgnu~1/12977f~1.2mp/bin/../lib/gcc/arm-none-eabi/12.2.1/thumb/v7-m/nofp/crt0.o (memset)
c:/progra~2/armgnu~1/12977f~1.2mp/bin/../lib/gcc/arm-none-eabi/12.2.1/thumb/v7-m/nofp\libg_nano.a(libc_a-closer.o)
                              c:/progra~2/armgnu~1/12977f~1.2mp/bin/../lib/gcc/arm-none-eabi/12.2.1/thumb/v7-m/nofp\libg_nano.a(libc_a-stdio.o) (_close_r)
c:/progra~2/armgnu~1/12977f~1.2mp/bin/../lib/gcc/arm-none-eabi/12.2.1/thumb/v7-m/nofp\libg_nano.a(libc_a-reent.o)
                              c:/progra~2/armgnu~1/12977f~1.2mp/bin/../lib/gcc/arm-none-eabi/12.2.1/thumb/v7-m/nofp\libg_nano.a(libc_a-closer.o) (errno)
c:/progra~2/armgnu~1/12977f~1.2mp/bin/../lib/gcc/arm-none-eabi/12.2.1/thumb/v7-m/nofp\libg_nano.a(libc_a-impure.o)
                              c:/progra~2/armgnu~1/12977f~1.2mp/bin/../lib/gcc/arm-none-eabi/12.2.1/thumb/v7-m/nofp\libg_nano.a(libc_a-snprintf.o) (_impure_ptr)
c:/progra~2/armgnu~1/12977f~1.2mp/bin/../lib/gcc/arm-none-eabi/12.2.1/thumb/v7-m/nofp\libg_nano.a(libc_a-lseekr.o)
                              c:/progra~2/armgnu~1/12977f~1.2mp/bin/../lib/gcc/arm-none-eabi/12.2.1/thumb/v7-m/nofp\libg_nano.a(libc_a-stdio.o) (_lseek_r)
c:/progra~2/armgnu~1/12977f~1.2mp/bin/../lib/gcc/arm-none-eabi/12.2.1/thumb/v7-m/nofp\libg_nano.a(libc_a-readr.o)
                              c:/progra~2/armgnu~1/12977f~1.2mp/bin/../lib/gcc/arm-none-eabi/12.2.1/thumb/v7-m/nofp\libg_nano.a(libc_a-stdio.o) (_read_r)
c:/progra~2/armgnu~1/12977f~1.2mp/bin/../lib/gcc/arm-none-eabi/12.2.1/thumb/v7-m/nofp\libg_nano.a(libc_a-writer.o)
                              c:/progra~2/armgnu~1/12977f~1.2mp/bin/../lib/gcc/arm-none-eabi/12.2.1/thumb/v7-m/nofp\libg_nano.a(libc_a-stdio.o) (_write_r)
c:/progra~2/armgnu~1/12977f~1.2mp/bin/../lib/gcc/arm-none-eabi/12.2.1/thumb/v7-m/nofp\libg_nano.a(libc_a-errno.o)
                              CMakeFiles/PRJ.dir/Core/Src/sysmem.c.obj (__errno)
c:/progra~2/armgnu~1/12977f~1.2mp/bin/../lib/gcc/arm-none-eabi/12.2.1/thumb/v7-m/nofp\libg_nano.a(libc_a-init.o)
                              c:/progra~2/armgnu~1/12977f~1.2mp/bin/../lib/gcc/arm-none-eabi/12.2.1/thumb/v7-m/nofp/crt0.o (__libc_init_array)
c:/progra~2/armgnu~1/12977f~1.2mp/bin/../lib/gcc/arm-none-eabi/12.2.1/thumb/v7-m/nofp\libg_nano.a(libc_a-lock.o)
                              c:/progra~2/armgnu~1/12977f~1.2mp/bin/../lib/gcc/arm-none-eabi/12.2.1/thumb/v7-m/nofp\libg_nano.a(libc_a-findfp.o) (__retarget_lock_init_recursive)
c:/progra~2/armgnu~1/12977f~1.2mp/bin/../lib/gcc/arm-none-eabi/12.2.1/thumb/v7-m/nofp\libg_nano.a(libc_a-strlen.o)
                              CMakeFiles/PRJ.dir/Drivers/Modules/Src/Oled.c.obj (strlen)
c:/progra~2/armgnu~1/12977f~1.2mp/bin/../lib/gcc/arm-none-eabi/12.2.1/thumb/v7-m/nofp\libg_nano.a(libc_a-freer.o)
                              c:/progra~2/armgnu~1/12977f~1.2mp/bin/../lib/gcc/arm-none-eabi/12.2.1/thumb/v7-m/nofp\libg_nano.a(libc_a-reent.o) (_free_r)
c:/progra~2/armgnu~1/12977f~1.2mp/bin/../lib/gcc/arm-none-eabi/12.2.1/thumb/v7-m/nofp\libg_nano.a(libc_a-mallocr.o)
[...]
Memory Configuration

Name             Origin             Length             Attributes
RAM              0x20000000         0x00005000         xrw
FLASH            0x08000000         0x00010000         xr
*default*        0x00000000         0xffffffff

Linker script and memory map

LOAD c:/progra~2/armgnu~1/12977f~1.2mp/bin/../lib/gcc/arm-none-eabi/12.2.1/thumb/v7-m/nofp/crti.o
LOAD c:/progra~2/armgnu~1/12977f~1.2mp/bin/../lib/gcc/arm-none-eabi/12.2.1/thumb/v7-m/nofp/crtbegin.o
LOAD c:/progra~2/armgnu~1/12977f~1.2mp/bin/../lib/gcc/arm-none-eabi/12.2.1/thumb/v7-m/nofp/crt0.o
LOAD cmake/stm32cubemx/CMakeFiles/STM32_Drivers.dir/__/__/Core/Src/system_stm32f1xx.c.obj
LOAD cmake/stm32cubemx/CMakeFiles/STM32_Drivers.dir/__/__/Drivers/STM32F1xx_HAL_Driver/Src/stm32f1xx_hal_gpio_ex.c.obj
LOAD cmake/stm32cubemx/CMakeFiles/STM32_Drivers.dir/__/__/Drivers/STM32F1xx_HAL_Driver/Src/stm32f1xx_hal_i2c.c.obj
LOAD cmake/stm32cubemx/CMakeFiles/STM32_Drivers.dir/__/__/Drivers/STM32F1xx_HAL_Driver/Src/stm32f1xx_hal.c.obj
LOAD cmake/stm32cubemx/CMakeFiles/STM32_Drivers.dir/__/__/Drivers/STM32F1xx_HAL_Driver/Src/stm32f1xx_hal_rcc.c.obj
LOAD cmake/stm32cubemx/CMakeFiles/STM32_Drivers.dir/__/__/Drivers/STM32F1xx_HAL_Driver/Src/stm32f1xx_hal_rcc_ex.c.obj
LOAD cmake/stm32cubemx/CMakeFiles/STM32_Drivers.dir/__/__/Drivers/STM32F1xx_HAL_Driver/Src/stm32f1xx_hal_gpio.c.obj
LOAD cmake/stm32cubemx/CMakeFiles/STM32_Drivers.dir/__/__/Drivers/STM32F1xx_HAL_Driver/Src/stm32f1xx_hal_dma.c.obj
LOAD cmake/stm32cubemx/CMakeFiles/STM32_Drivers.dir/__/__/Drivers/STM32F1xx_HAL_Driver/Src/stm32f1xx_hal_cortex.c.obj
LOAD cmake/stm32cubemx/CMakeFiles/STM32_Drivers.dir/__/__/Drivers/STM32F1xx_HAL_Driver/Src/stm32f1xx_hal_pwr.c.obj
LOAD cmake/stm32cubemx/CMakeFiles/STM32_Drivers.dir/__/__/Drivers/STM32F1xx_HAL_Driver/Src/stm32f1xx_hal_flash.c.obj
LOAD cmake/stm32cubemx/CMakeFiles/STM32_Drivers.dir/__/__/Drivers/STM32F1xx_HAL_Driver/Src/stm32f1xx_hal_flash_ex.c.obj
LOAD cmake/stm32cubemx/CMakeFiles/STM32_Drivers.dir/__/__/Drivers/STM32F1xx_HAL_Driver/Src/stm32f1xx_hal_exti.c.obj
LOAD cmake/stm32cubemx/CMakeFiles/STM32_Drivers.dir/__/__/Drivers/STM32F1xx_HAL_Driver/Src/stm32f1xx_hal_spi.c.obj
LOAD cmake/stm32cubemx/CMakeFiles/STM32_Drivers.dir/__/__/Drivers/STM32F1xx_HAL_Driver/Src/stm32f1xx_hal_tim.c.obj
LOAD cmake/stm32cubemx/CMakeFiles/STM32_Drivers.dir/__/__/Drivers/STM32F1xx_HAL_Driver/Src/stm32f1xx_hal_tim_ex.c.obj
LOAD cmake/stm32cubemx/CMakeFiles/STM32_Drivers.dir/__/__/Drivers/STM32F1xx_HAL_Driver/Src/stm32f1xx_hal_uart.c.obj
LOAD CMakeFiles/PRJ.dir/Core/Src/main.c.obj
LOAD CMakeFiles/PRJ.dir/Core/Src/stm32f1xx_it.c.obj
LOAD CMakeFiles/PRJ.dir/Core/Src/stm32f1xx_hal_msp.c.obj
LOAD CMakeFiles/PRJ.dir/Core/Src/sysmem.c.obj
LOAD CMakeFiles/PRJ.dir/Core/Src/syscalls.c.obj
LOAD CMakeFiles/PRJ.dir/startup_stm32f103xb.s.obj
LOAD CMakeFiles/PRJ.dir/Core/Src/mfrc522.c.obj
LOAD CMakeFiles/PRJ.dir/Drivers/Modules/Src/App.c.obj
LOAD CMakeFiles/PRJ.dir/Drivers/Modules/Src/Buzzer.c.obj
LOAD CMakeFiles/PRJ.dir/Drivers/Modules/Src/Button.c.obj
LOAD CMakeFiles/PRJ.dir/Drivers/Modules/Src/Oled.c.obj
LOAD CMakeFiles/PRJ.dir/Drivers/Modules/Src/RC522.c.obj
LOAD CMakeFiles/PRJ.dir/Drivers/Modules/Src/Servo.c.obj
LOAD CMakeFiles/PRJ.dir/Drivers/Modules/Src/UART.c.obj
LOAD CMakeFiles/PRJ.dir/Drivers/Modules/Src/Keypad.c.obj
LOAD c:/progra~2/armgnu~1/12977f~1.2mp/bin/../lib/gcc/arm-none-eabi/12.2.1/thumb/v7-m/nofp\libm.a
START GROUP
LOAD c:/progra~2/armgnu~1/12977f~1.2mp/bin/../lib/gcc/arm-none-eabi/12.2.1/thumb/v7-m/nofp\libgcc.a
LOAD c:/progra~2/armgnu~1/12977f~1.2mp/bin/../lib/gcc/arm-none-eabi/12.2.1/thumb/v7-m/nofp\libg_nano.a
LOAD c:/progra~2/armgnu~1/12977f~1.2mp/bin/../lib/gcc/arm-none-eabi/12.2.1/thumb/v7-m/nofp\libc_nano.a
END GROUP
START GROUP
LOAD c:/progra~2/armgnu~1/12977f~1.2mp/bin/../lib/gcc/arm-none-eabi/12.2.1/thumb/v7-m/nofp\libgcc.a
LOAD c:/progra~2/armgnu~1/12977f~1.2mp/bin/../lib/gcc/arm-none-eabi/12.2.1/thumb/v7-m/nofp\libc_nano.a
END GROUP
LOAD c:/progra~2/armgnu~1/12977f~1.2mp/bin/../lib/gcc/arm-none-eabi/12.2.1/thumb/v7-m/nofp/crtend.o
LOAD c:/progra~2/armgnu~1/12977f~1.2mp/bin/../lib/gcc/arm-none-eabi/12.2.1/thumb/v7-m/nofp/crtn.o
                0x20005000                        _estack = (ORIGIN (RAM) + LENGTH (RAM))
                0x20004c00                        _sstack = (_estack - _Min_Stack_Size)
                0x00000200                        _Min_Heap_Size = 0x200
                0x00000400                        _Min_Stack_Size = 0x400

.isr_vector     0x08000000      0x10c
                0x08000000                        . = ALIGN (0x4)
 *(.isr_vector)
 .isr_vector    0x08000000      0x10c CMakeFiles/PRJ.dir/startup_stm32f103xb.s.obj
                0x08000000                g_pfnVectors
                0x0800010c                        . = ALIGN (0x4)

.text           0x0800010c     0x82fc
                0x0800010c                        . = ALIGN (0x4)
 *(.text)
 .text          0x0800010c       0x10 c:/progra~2/armgnu~1/12977f~1.2mp/bin/../lib/gcc/arm-none-eabi/12.2.1/thumb/v7-m/nofp\libg_nano.a(libc_a-strlen.o)
                0x0800010c                strlen
 *(.text*)
 .text.deregister_tm_clones
                0x0800011c       0x1c c:/progra~2/armgnu~1/12977f~1.2mp/bin/../lib/gcc/arm-none-eabi/12.2.1/thumb/v7-m/nofp/crtbegin.o
 .text.register_tm_clones
                0x08000138       0x24 c:/progra~2/armgnu~1/12977f~1.2mp/bin/../lib/gcc/arm-none-eabi/12.2.1/thumb/v7-m/nofp/crtbegin.o
 .text.__do_global_dtors_aux
                0x0800015c       0x28 c:/progra~2/armgnu~1/12977f~1.2mp/bin/../lib/gcc/arm-none-eabi/12.2.1/thumb/v7-m/nofp/crtbegin.o
 .text.frame_dummy
                0x08000184       0x24 c:/progra~2/armgnu~1/12977f~1.2mp/bin/../lib/gcc/arm-none-eabi/12.2.1/thumb/v7-m/nofp/crtbegin.o
 .text.SystemInit
                0x080001a8        0xc cmake/stm32cubemx/CMakeFiles/STM32_Drivers.dir/__/__/Core/Src/system_stm32f1xx.c.obj
                0x080001a8                SystemInit
 .text.HAL_I2C_Init
                0x080001b4      0x288 cmake/stm32cubemx/CMakeFiles/STM32_Drivers.dir/__/__/Drivers/STM32F1xx_HAL_Driver/Src/stm32f1xx_hal_i2c.c.obj
                0x080001b4                HAL_I2C_Init
 .text.HAL_I2C_Mem_Write
                0x0800043c      0x1f4 cmake/stm32cubemx/CMakeFiles/STM32_Drivers.dir/__/__/Drivers/STM32F1xx_HAL_Driver/Src/stm32f1xx_hal_i2c.c.obj
                0x0800043c                HAL_I2C_Mem_Write
 .text.I2C_RequestMemoryWrite
                0x08000630      0x12c cmake/stm32cubemx/CMakeFiles/STM32_Drivers.dir/__/__/Drivers/STM32F1xx_HAL_Driver/Src/stm32f1xx_hal_i2c.c.obj
 .text.I2C_WaitOnFlagUntilTimeout
                0x0800075c       0xf4 cmake/stm32cubemx/CMakeFiles/STM32_Drivers.dir/__/__/Drivers/STM32F1xx_HAL_Driver/Src/stm32f1xx_hal_i2c.c.obj
 .text.I2C_WaitOnMasterAddressFlagUntilTimeout
                0x08000850      0x140 cmake/stm32cubemx/CMakeFiles/STM32_Drivers.dir/__/__/Drivers/STM32F1xx_HAL_Driver/Src/stm32f1xx_hal_i2c.c.obj
 .text.I2C_WaitOnTXEFlagUntilTimeout
                0x08000990       0x90 cmake/stm32cubemx/CMakeFiles/STM32_Drivers.dir/__/__/Drivers/STM32F1xx_HAL_Driver/Src/stm32f1xx_hal_i2c.c.obj
 .text.I2C_WaitOnBTFFlagUntilTimeout
                0x08000a20       0x90 cmake/stm32cubemx/CMakeFiles/STM32_Drivers.dir/__/__/Drivers/STM32F1xx_HAL_Driver/Src/stm32f1xx_hal_i2c.c.obj
 .text.I2C_IsAcknowledgeFailed
                0x08000ab0       0x5c cmake/stm32cubemx/CMakeFiles/STM32_Drivers.dir/__/__/Drivers/STM32F1xx_HAL_Driver/Src/stm32f1xx_hal_i2c.c.obj
 .text.HAL_Init
                0x08000b0c       0x2c cmake/stm32cubemx/CMakeFiles/STM32_Drivers.dir/__/__/Drivers/STM32F1xx_HAL_Driver/Src/stm32f1xx_hal.c.obj
                0x08000b0c                HAL_Init
 .text.HAL_InitTick
                0x08000b38       0x60 cmake/stm32cubemx/CMakeFiles/STM32_Drivers.dir/__/__/Drivers/STM32F1xx_HAL_Driver/Src/stm32f1xx_hal.c.obj
                0x08000b38                HAL_InitTick
 .text.HAL_IncTick
                0x08000b98       0x24 cmake/stm32cubemx/CMakeFiles/STM32_Drivers.dir/__/__/Drivers/STM32F1xx_HAL_Driver/Src/stm32f1xx_hal.c.obj
                0x08000b98                HAL_IncTick
 .text.HAL_GetTick
                0x08000bbc       0x14 cmake/stm32cubemx/CMakeFiles/STM32_Drivers.dir/__/__/Drivers/STM32F1xx_HAL_Driver/Src/stm32f1xx_hal.c.obj
                0x08000bbc                HAL_GetTick
 .text.HAL_Delay
                0x08000bd0       0x48 cmake/stm32cubemx/CMakeFiles/STM32_Drivers.dir/__/__/Drivers/STM32F1xx_HAL_Driver/Src/stm32f1xx_hal.c.obj
                0x08000bd0                HAL_Delay
 .text.HAL_RCC_OscConfig
                0x08000c18      0x504 cmake/stm32cubemx/CMakeFiles/STM32_Drivers.dir/__/__/Drivers/STM32F1xx_HAL_Driver/Src/stm32f1xx_hal_rcc.c.obj
                0x08000c18                HAL_RCC_OscConfig
 .text.HAL_RCC_ClockConfig
                0x0800111c      0x1d4 cmake/stm32cubemx/CMakeFiles/STM32_Drivers.dir/__/__/Drivers/STM32F1xx_HAL_Driver/Src/stm32f1xx_hal_rcc.c.obj
                0x0800111c                HAL_RCC_ClockConfig
 .text.HAL_RCC_GetSysClockFreq
                0x080012f0       0xa8 cmake/stm32cubemx/CMakeFiles/STM32_Drivers.dir/__/__/Drivers/STM32F1xx_HAL_Driver/Src/stm32f1xx_hal_rcc.c.obj
                0x080012f0                HAL_RCC_GetSysClockFreq
 .text.HAL_RCC_GetHCLKFreq
                0x08001398       0x14 cmake/stm32cubemx/CMakeFiles/STM32_Drivers.dir/__/__/Drivers/STM32F1xx_HAL_Driver/Src/stm32f1xx_hal_rcc.c.obj
                0x08001398                HAL_RCC_GetHCLKFreq
 .text.HAL_RCC_GetPCLK1Freq
                0x080013ac       0x28 cmake/stm32cubemx/CMakeFiles/STM32_Drivers.dir/__/__/Drivers/STM32F1xx_HAL_Driver/Src/stm32f1xx_hal_rcc.c.obj
                0x080013ac                HAL_RCC_GetPCLK1Freq
 .text.HAL_RCC_GetPCLK2Freq
                0x080013d4       0x28 cmake/stm32cubemx/CMakeFiles/STM32_Drivers.dir/__/__/Drivers/STM32F1xx_HAL_Driver/Src/stm32f1xx_hal_rcc.c.obj
                0x080013d4                HAL_RCC_GetPCLK2Freq
 .text.RCC_Delay
                0x080013fc       0x3c cmake/stm32cubemx/CMakeFiles/STM32_Drivers.dir/__/__/Drivers/STM32F1xx_HAL_Driver/Src/stm32f1xx_hal_rcc.c.obj
 .text.HAL_GPIO_Init
                0x08001438      0x308 cmake/stm32cubemx/CMakeFiles/STM32_Drivers.dir/__/__/Drivers/STM32F1xx_HAL_Driver/Src/stm32f1xx_hal_gpio.c.obj
                0x08001438                HAL_GPIO_Init
 .text.HAL_GPIO_ReadPin
                0x08001740       0x2e cmake/stm32cubemx/CMakeFiles/STM32_Drivers.dir/__/__/Drivers/STM32F1xx_HAL_Driver/Src/stm32f1xx_hal_gpio.c.obj
                0x08001740                HAL_GPIO_ReadPin
 .text.HAL_GPIO_WritePin
                0x0800176e       0x30 cmake/stm32cubemx/CMakeFiles/STM32_Drivers.dir/__/__/Drivers/STM32F1xx_HAL_Driver/Src/stm32f1xx_hal_gpio.c.obj
                0x0800176e                HAL_GPIO_WritePin
 *fill*         0x0800179e        0x2 
 .text.HAL_GPIO_EXTI_IRQHandler
                0x080017a0       0x30 cmake/stm32cubemx/CMakeFiles/STM32_Drivers.dir/__/__/Drivers/STM32F1xx_HAL_Driver/Src/stm32f1xx_hal_gpio.c.obj
                0x080017a0                HAL_GPIO_EXTI_IRQHandler
 .text.HAL_DMA_Abort
                0x080017d0       0x76 cmake/stm32cubemx/CMakeFiles/STM32_Drivers.dir/__/__/Drivers/STM32F1xx_HAL_Driver/Src/stm32f1xx_hal_dma.c.obj
                0x080017d0                HAL_DMA_Abort
 *fill*         0x08001846        0x2 
 .text.HAL_DMA_Abort_IT
                0x08001848       0xf0 cmake/stm32cubemx/CMakeFiles/STM32_Drivers.dir/__/__/Drivers/STM32F1xx_HAL_Driver/Src/stm32f1xx_hal_dma.c.obj
                0x08001848                HAL_DMA_Abort_IT
 .text.__NVIC_SetPriorityGrouping
                0x08001938       0x48 cmake/stm32cubemx/CMakeFiles/STM32_Drivers.dir/__/__/Drivers/STM32F1xx_HAL_Driver/Src/stm32f1xx_hal_cortex.c.obj
 .text.__NVIC_GetPriorityGrouping
                0x08001980       0x1c cmake/stm32cubemx/CMakeFiles/STM32_Drivers.dir/__/__/Drivers/STM32F1xx_HAL_Driver/Src/stm32f1xx_hal_cortex.c.obj
 .text.__NVIC_EnableIRQ
                0x0800199c       0x38 cmake/stm32cubemx/CMakeFiles/STM32_Drivers.dir/__/__/Drivers/STM32F1xx_HAL_Driver/Src/stm32f1xx_hal_cortex.c.obj
 .text.__NVIC_DisableIRQ
                0x080019d4       0x48 cmake/stm32cubemx/CMakeFiles/STM32_Drivers.dir/__/__/Drivers/STM32F1xx_HAL_Driver/Src/stm32f1xx_hal_cortex.c.obj
 .text.__NVIC_ClearPendingIRQ
                0x08001a1c       0x3c cmake/stm32cubemx/CMakeFiles/STM32_Drivers.dir/__/__/Drivers/STM32F1xx_HAL_Driver/Src/stm32f1xx_hal_cortex.c.obj
 .text.__NVIC_SetPriority
                0x08001a58       0x54 cmake/stm32cubemx/CMakeFiles/STM32_Drivers.dir/__/__/Drivers/STM32F1xx_HAL_Driver/Src/stm32f1xx_hal_cortex.c.obj
 .text.NVIC_EncodePriority
                0x08001aac       0x64 cmake/stm32cubemx/CMakeFiles/STM32_Drivers.dir/__/__/Drivers/STM32F1xx_HAL_Driver/Src/stm32f1xx_hal_cortex.c.obj
 .text.SysTick_Config
                0x08001b10       0x44 cmake/stm32cubemx/CMakeFiles/STM32_Drivers.dir/__/__/Drivers/STM32F1xx_HAL_Driver/Src/stm32f1xx_hal_cortex.c.obj
 .text.HAL_NVIC_SetPriorityGrouping
                0x08001b54       0x16 cmake/stm32cubemx/CMakeFiles/STM32_Drivers.dir/__/__/Drivers/STM32F1xx_HAL_Driver/Src/stm32f1xx_hal_cortex.c.obj
                0x08001b54                HAL_NVIC_SetPriorityGrouping
 .text.HAL_NVIC_SetPriority
                0x08001b6a       0x38 cmake/stm32cubemx/CMakeFiles/STM32_Drivers.dir/__/__/Drivers/STM32F1xx_HAL_Driver/Src/stm32f1xx_hal_cortex.c.obj
                0x08001b6a                HAL_NVIC_SetPriority
 .text.HAL_NVIC_EnableIRQ
                0x08001ba2       0x1c cmake/stm32cubemx/CMakeFiles/STM32_Drivers.dir/__/__/Drivers/STM32F1xx_HAL_Driver/Src/stm32f1xx_hal_cortex.c.obj
                0x08001ba2                HAL_NVIC_EnableIRQ
 .text.HAL_NVIC_DisableIRQ
                0x08001bbe       0x1c cmake/stm32cubemx/CMakeFiles/STM32_Drivers.dir/__/__/Drivers/STM32F1xx_HAL_Driver/Src/stm32f1xx_hal_cortex.c.obj
                0x08001bbe                HAL_NVIC_DisableIRQ
 .text.HAL_SYSTICK_Config
                0x08001bda       0x18 cmake/stm32cubemx/CMakeFiles/STM32_Drivers.dir/__/__/Drivers/STM32F1xx_HAL_Driver/Src/stm32f1xx_hal_cortex.c.obj
                0x08001bda                HAL_SYSTICK_Config
 .text.HAL_NVIC_ClearPendingIRQ
                0x08001bf2       0x1c cmake/stm32cubemx/CMakeFiles/STM32_Drivers.dir/__/__/Drivers/STM32F1xx_HAL_Driver/Src/stm32f1xx_hal_cortex.c.obj
                0x08001bf2                HAL_NVIC_ClearPendingIRQ
 *fill*         0x08001c0e        0x2 
 .text.HAL_FLASH_Program
                0x08001c10       0xe0 cmake/stm32cubemx/CMakeFiles/STM32_Drivers.dir/__/__/Drivers/STM32F1xx_HAL_Driver/Src/stm32f1xx_hal_flash.c.obj
                0x08001c10                HAL_FLASH_Program
 .text.HAL_FLASH_Unlock
                0x08001cf0       0x4c cmake/stm32cubemx/CMakeFiles/STM32_Drivers.dir/__/__/Drivers/STM32F1xx_HAL_Driver/Src/stm32f1xx_hal_flash.c.obj
                0x08001cf0                HAL_FLASH_Unlock
 .text.HAL_FLASH_Lock
                0x08001d3c       0x20 cmake/stm32cubemx/CMakeFiles/STM32_Drivers.dir/__/__/Drivers/STM32F1xx_HAL_Driver/Src/stm32f1xx_hal_flash.c.obj
                0x08001d3c                HAL_FLASH_Lock
 .text.FLASH_Program_HalfWord
                0x08001d5c       0x38 cmake/stm32cubemx/CMakeFiles/STM32_Drivers.dir/__/__/Drivers/STM32F1xx_HAL_Driver/Src/stm32f1xx_hal_flash.c.obj
 .text.FLASH_WaitForLastOperation
                0x08001d94       0x8c cmake/stm32cubemx/CMakeFiles/STM32_Drivers.dir/__/__/Drivers/STM32F1xx_HAL_Driver/Src/stm32f1xx_hal_flash.c.obj
                0x08001d94                FLASH_WaitForLastOperation
 .text.FLASH_SetErrorCode
                0x08001e20       0xa0 cmake/stm32cubemx/CMakeFiles/STM32_Drivers.dir/__/__/Drivers/STM32F1xx_HAL_Driver/Src/stm32f1xx_hal_flash.c.obj
 .text.HAL_FLASHEx_Erase
                0x08001ec0       0xd8 cmake/stm32cubemx/CMakeFiles/STM32_Drivers.dir/__/__/Drivers/STM32F1xx_HAL_Driver/Src/stm32f1xx_hal_flash_ex.c.obj
                0x08001ec0                HAL_FLASHEx_Erase
 .text.FLASH_MassErase
                0x08001f98       0x38 cmake/stm32cubemx/CMakeFiles/STM32_Drivers.dir/__/__/Drivers/STM32F1xx_HAL_Driver/Src/stm32f1xx_hal_flash_ex.c.obj
 .text.FLASH_PageErase
                0x08001fd0       0x40 cmake/stm32cubemx/CMakeFiles/STM32_Drivers.dir/__/__/Drivers/STM32F1xx_HAL_Driver/Src/stm32f1xx_hal_flash_ex.c.obj
                0x08001fd0                FLASH_PageErase
 .text.HAL_SPI_Init
                0x08002010      0x108 cmake/stm32cubemx/CMakeFiles/STM32_Drivers.dir/__/__/Drivers/STM32F1xx_HAL_Driver/Src/stm32f1xx_hal_spi.c.obj
                0x08002010                HAL_SPI_Init
 .text.HAL_SPI_Transmit
                0x08002118      0x288 cmake/stm32cubemx/CMakeFiles/STM32_Drivers.dir/__/__/Drivers/STM32F1xx_HAL_Driver/Src/stm32f1xx_hal_spi.c.obj
                0x08002118                HAL_SPI_Transmit
 .text.HAL_SPI_TransmitReceive
                0x080023a0      0x352 cmake/stm32cubemx/CMakeFiles/STM32_Drivers.dir/__/__/Drivers/STM32F1xx_HAL_Driver/Src/stm32f1xx_hal_spi.c.obj
                0x080023a0                HAL_SPI_TransmitReceive
 *fill*         0x080026f2        0x2 
 .text.SPI_WaitFlagStateUntilTimeout
                0x080026f4      0x110 cmake/stm32cubemx/CMakeFiles/STM32_Drivers.dir/__/__/Drivers/STM32F1xx_HAL_Driver/Src/stm32f1xx_hal_spi.c.obj
 .text.SPI_EndRxTxTransaction
                0x08002804       0x62 cmake/stm32cubemx/CMakeFiles/STM32_Drivers.dir/__/__/Drivers/STM32F1xx_HAL_Driver/Src/stm32f1xx_hal_spi.c.obj
 .text.HAL_TIM_Base_Init
                0x08002866       0x9e cmake/stm32cubemx/CMakeFiles/STM32_Drivers.dir/__/__/Drivers/STM32F1xx_HAL_Driver/Src/stm32f1xx_hal_tim.c.obj
                0x08002866                HAL_TIM_Base_Init
 .text.HAL_TIM_PWM_Init
                0x08002904       0x9e cmake/stm32cubemx/CMakeFiles/STM32_Drivers.dir/__/__/Drivers/STM32F1xx_HAL_Driver/Src/stm32f1xx_hal_tim.c.obj
                0x08002904                HAL_TIM_PWM_Init
 .text.HAL_TIM_PWM_MspInit
                0x080029a2       0x12 cmake/stm32cubemx/CMakeFiles/STM32_Drivers.dir/__/__/Drivers/STM32F1xx_HAL_Driver/Src/stm32f1xx_hal_tim.c.obj
                0x080029a2                HAL_TIM_PWM_MspInit
 .text.HAL_TIM_PWM_Start
                0x080029b4      0x144 cmake/stm32cubemx/CMakeFiles/STM32_Drivers.dir/__/__/Drivers/STM32F1xx_HAL_Driver/Src/stm32f1xx_hal_tim.c.obj
                0x080029b4                HAL_TIM_PWM_Start
 .text.HAL_TIM_IRQHandler
                0x08002af8      0x1e0 cmake/stm32cubemx/CMakeFiles/STM32_Drivers.dir/__/__/Drivers/STM32F1xx_HAL_Driver/Src/stm32f1xx_hal_tim.c.obj
                0x08002af8                HAL_TIM_IRQHandler
 .text.HAL_TIM_PWM_ConfigChannel
                0x08002cd8      0x184 cmake/stm32cubemx/CMakeFiles/STM32_Drivers.dir/__/__/Drivers/STM32F1xx_HAL_Driver/Src/stm32f1xx_hal_tim.c.obj
                0x08002cd8                HAL_TIM_PWM_ConfigChannel
 .text.HAL_TIM_ConfigClockSource
                0x08002e5c      0x18e cmake/stm32cubemx/CMakeFiles/STM32_Drivers.dir/__/__/Drivers/STM32F1xx_HAL_Driver/Src/stm32f1xx_hal_tim.c.obj
                0x08002e5c                HAL_TIM_ConfigClockSource
 .text.HAL_TIM_PeriodElapsedCallback
                0x08002fea       0x12 cmake/stm32cubemx/CMakeFiles/STM32_Drivers.dir/__/__/Drivers/STM32F1xx_HAL_Driver/Src/stm32f1xx_hal_tim.c.obj
                0x08002fea                HAL_TIM_PeriodElapsedCallback
 .text.HAL_TIM_OC_DelayElapsedCallback
                0x08002ffc       0x12 cmake/stm32cubemx/CMakeFiles/STM32_Drivers.dir/__/__/Drivers/STM32F1xx_HAL_Driver/Src/stm32f1xx_hal_tim.c.obj
                0x08002ffc                HAL_TIM_OC_DelayElapsedCallback
 .text.HAL_TIM_IC_CaptureCallback
                0x0800300e       0x12 cmake/stm32cubemx/CMakeFiles/STM32_Drivers.dir/__/__/Drivers/STM32F1xx_HAL_Driver/Src/stm32f1xx_hal_tim.c.obj
                0x0800300e                HAL_TIM_IC_CaptureCallback
 .text.HAL_TIM_PWM_PulseFinishedCallback
                0x08003020       0x12 cmake/stm32cubemx/CMakeFiles/STM32_Drivers.dir/__/__/Drivers/STM32F1xx_HAL_Driver/Src/stm32f1xx_hal_tim.c.obj
                0x08003020                HAL_TIM_PWM_PulseFinishedCallback
 .text.HAL_TIM_TriggerCallback
                0x08003032       0x12 cmake/stm32cubemx/CMakeFiles/STM32_Drivers.dir/__/__/Drivers/STM32F1xx_HAL_Driver/Src/stm32f1xx_hal_tim.c.obj
                0x08003032                HAL_TIM_TriggerCallback
 .text.TIM_Base_SetConfig
                0x08003044       0xdc cmake/stm32cubemx/CMakeFiles/STM32_Drivers.dir/__/__/Drivers/STM32F1xx_HAL_Driver/Src/stm32f1xx_hal_tim.c.obj
                0x08003044                TIM_Base_SetConfig
 .text.TIM_OC1_SetConfig
                0x08003120       0xcc cmake/stm32cubemx/CMakeFiles/STM32_Drivers.dir/__/__/Drivers/STM32F1xx_HAL_Driver/Src/stm32f1xx_hal_tim.c.obj
 .text.TIM_OC2_SetConfig
                0x080031ec       0xd4 cmake/stm32cubemx/CMakeFiles/STM32_Drivers.dir/__/__/Drivers/STM32F1xx_HAL_Driver/Src/stm32f1xx_hal_tim.c.obj
                0x080031ec                TIM_OC2_SetConfig
 .text.TIM_OC3_SetConfig
                0x080032c0       0xd4 cmake/stm32cubemx/CMakeFiles/STM32_Drivers.dir/__/__/Drivers/STM32F1xx_HAL_Driver/Src/stm32f1xx_hal_tim.c.obj
 .text.TIM_OC4_SetConfig
                0x08003394       0x9c cmake/stm32cubemx/CMakeFiles/STM32_Drivers.dir/__/__/Drivers/STM32F1xx_HAL_Driver/Src/stm32f1xx_hal_tim.c.obj
 .text.TIM_TI1_ConfigInputStage
                0x08003430       0x5c cmake/stm32cubemx/CMakeFiles/STM32_Drivers.dir/__/__/Drivers/STM32F1xx_HAL_Driver/Src/stm32f1xx_hal_tim.c.obj
 .text.TIM_TI2_ConfigInputStage
                0x0800348c       0x5e cmake/stm32cubemx/CMakeFiles/STM32_Drivers.dir/__/__/Drivers/STM32F1xx_HAL_Driver/Src/stm32f1xx_hal_tim.c.obj
 .text.TIM_ITRx_SetConfig
                0x080034ea       0x34 cmake/stm32cubemx/CMakeFiles/STM32_Drivers.dir/__/__/Drivers/STM32F1xx_HAL_Driver/Src/stm32f1xx_hal_tim.c.obj
 .text.TIM_ETR_SetConfig
                0x0800351e       0x3e cmake/stm32cubemx/CMakeFiles/STM32_Drivers.dir/__/__/Drivers/STM32F1xx_HAL_Driver/Src/stm32f1xx_hal_tim.c.obj
                0x0800351e                TIM_ETR_SetConfig
 .text.TIM_CCxChannelCmd
                0x0800355c       0x48 cmake/stm32cubemx/CMakeFiles/STM32_Drivers.dir/__/__/Drivers/STM32F1xx_HAL_Driver/Src/stm32f1xx_hal_tim.c.obj
                0x0800355c                TIM_CCxChannelCmd
 .text.HAL_TIMEx_MasterConfigSynchronization
                0x080035a4       0xbc cmake/stm32cubemx/CMakeFiles/STM32_Drivers.dir/__/__/Drivers/STM32F1xx_HAL_Driver/Src/stm32f1xx_hal_tim_ex.c.obj
                0x080035a4                HAL_TIMEx_MasterConfigSynchronization
 .text.HAL_TIMEx_CommutCallback
                0x08003660       0x12 cmake/stm32cubemx/CMakeFiles/STM32_Drivers.dir/__/__/Drivers/STM32F1xx_HAL_Driver/Src/stm32f1xx_hal_tim_ex.c.obj
                0x08003660                HAL_TIMEx_CommutCallback
 .text.HAL_TIMEx_BreakCallback
                0x08003672       0x12 cmake/stm32cubemx/CMakeFiles/STM32_Drivers.dir/__/__/Drivers/STM32F1xx_HAL_Driver/Src/stm32f1xx_hal_tim_ex.c.obj
                0x08003672                HAL_TIMEx_BreakCallback
 .text.HAL_UART_Init
                0x08003684       0xa0 cmake/stm32cubemx/CMakeFiles/STM32_Drivers.dir/__/__/Drivers/STM32F1xx_HAL_Driver/Src/stm32f1xx_hal_uart.c.obj
                0x08003684                HAL_UART_Init
 .text.HAL_UART_Transmit
                0x08003724      0x116 cmake/stm32cubemx/CMakeFiles/STM32_Drivers.dir/__/__/Drivers/STM32F1xx_HAL_Driver/Src/stm32f1xx_hal_uart.c.obj
                0x08003724                HAL_UART_Transmit
 *fill*         0x0800383a        0x2 
 .text.HAL_UART_IRQHandler
                0x0800383c      0x524 cmake/stm32cubemx/CMakeFiles/STM32_Drivers.dir/__/__/Drivers/STM32F1xx_HAL_Driver/Src/stm32f1xx_hal_uart.c.obj
                0x0800383c                HAL_UART_IRQHandler
 .text.HAL_UART_TxCpltCallback
                0x08003d60       0x12 cmake/stm32cubemx/CMakeFiles/STM32_Drivers.dir/__/__/Drivers/STM32F1xx_HAL_Driver/Src/stm32f1xx_hal_uart.c.obj
                0x08003d60                HAL_UART_TxCpltCallback
 .text.HAL_UART_RxCpltCallback
                0x08003d72       0x12 cmake/stm32cubemx/CMakeFiles/STM32_Drivers.dir/__/__/Drivers/STM32F1xx_HAL_Driver/Src/stm32f1xx_hal_uart.c.obj
                0x08003d72                HAL_UART_RxCpltCallback
 .text.HAL_UART_ErrorCallback
                0x08003d84       0x12 cmake/stm32cubemx/CMakeFiles/STM32_Drivers.dir/__/__/Drivers/STM32F1xx_HAL_Driver/Src/stm32f1xx_hal_uart.c.obj
                0x08003d84                HAL_UART_ErrorCallback
 .text.HAL_UARTEx_RxEventCallback
                0x08003d96       0x16 cmake/stm32cubemx/CMakeFiles/STM32_Drivers.dir/__/__/Drivers/STM32F1xx_HAL_Driver/Src/stm32f1xx_hal_uart.c.obj
                0x08003d96                HAL_UARTEx_RxEventCallback
 .text.UART_WaitOnFlagUntilTimeout
                0x08003dac       0xb2 cmake/stm32cubemx/CMakeFiles/STM32_Drivers.dir/__/__/Drivers/STM32F1xx_HAL_Driver/Src/stm32f1xx_hal_uart.c.obj
 .text.UART_EndRxTransfer
                0x08003e5e       0xc4 cmake/stm32cubemx/CMakeFiles/STM32_Drivers.dir/__/__/Drivers/STM32F1xx_HAL_Driver/Src/stm32f1xx_hal_uart.c.obj
 .text.UART_DMAAbortOnError
                0x08003f22       0x28 cmake/stm32cubemx/CMakeFiles/STM32_Drivers.dir/__/__/Drivers/STM32F1xx_HAL_Driver/Src/stm32f1xx_hal_uart.c.obj
 .text.UART_Transmit_IT
                0x08003f4a       0x9e cmake/stm32cubemx/CMakeFiles/STM32_Drivers.dir/__/__/Drivers/STM32F1xx_HAL_Driver/Src/stm32f1xx_hal_uart.c.obj
 .text.UART_EndTransmit_IT
                0x08003fe8       0x30 cmake/stm32cubemx/CMakeFiles/STM32_Drivers.dir/__/__/Drivers/STM32F1xx_HAL_Driver/Src/stm32f1xx_hal_uart.c.obj
 .text.UART_Receive_IT
                0x08004018      0x17c cmake/stm32cubemx/CMakeFiles/STM32_Drivers.dir/__/__/Drivers/STM32F1xx_HAL_Driver/Src/stm32f1xx_hal_uart.c.obj
 .text.UART_SetConfig
                0x08004194      0x11c cmake/stm32cubemx/CMakeFiles/STM32_Drivers.dir/__/__/Drivers/STM32F1xx_HAL_Driver/Src/stm32f1xx_hal_uart.c.obj
 .text.main     0x080042b0       0x60 CMakeFiles/PRJ.dir/Core/Src/main.c.obj
                0x080042b0                main
 .text.SystemClock_Config
                0x08004310       0x8a CMakeFiles/PRJ.dir/Core/Src/main.c.obj
                0x08004310                SystemClock_Config
 *fill*         0x0800439a        0x2 
 .text.MX_I2C1_Init
                0x0800439c       0x5c CMakeFiles/PRJ.dir/Core/Src/main.c.obj
 .text.MX_SPI1_Init
                0x080043f8       0x6c CMakeFiles/PRJ.dir/Core/Src/main.c.obj
 .text.MX_TIM2_Init
                0x08004464       0xec CMakeFiles/PRJ.dir/Core/Src/main.c.obj
 .text.MX_USART1_UART_Init
                0x08004550       0x54 CMakeFiles/PRJ.dir/Core/Src/main.c.obj
 .text.MX_GPIO_Init
                0x080045a4      0x12c CMakeFiles/PRJ.dir/Core/Src/main.c.obj
 .text.Error_Handler
                0x080046d0        0xc CMakeFiles/PRJ.dir/Core/Src/main.c.obj
                0x080046d0                Error_Handler
 .text.NMI_Handler
                0x080046dc        0x8 CMakeFiles/PRJ.dir/Core/Src/stm32f1xx_it.c.obj
                0x080046dc                NMI_Handler
 .text.HardFault_Handler
                0x080046e4        0x8 CMakeFiles/PRJ.dir/Core/Src/stm32f1xx_it.c.obj
                0x080046e4                HardFault_Handler
 .text.MemManage_Handler
                0x080046ec        0x8 CMakeFiles/PRJ.dir/Core/Src/stm32f1xx_it.c.obj
                0x080046ec                MemManage_Handler
 .text.BusFault_Handler
                0x080046f4        0x8 CMakeFiles/PRJ.dir/Core/Src/stm32f1xx_it.c.obj
                0x080046f4                BusFault_Handler
 .text.UsageFault_Handler
                0x080046fc        0x8 CMakeFiles/PRJ.dir/Core/Src/stm32f1xx_it.c.obj
                0x080046fc                UsageFault_Handler
 .text.SVC_Handler
                0x08004704        0xc CMakeFiles/PRJ.dir/Core/Src/stm32f1xx_it.c.obj
                0x08004704                SVC_Handler
 .text.DebugMon_Handler
                0x08004710        0xc CMakeFiles/PRJ.dir/Core/Src/stm32f1xx_it.c.obj
                0x08004710                DebugMon_Handler
 .text.PendSV_Handler
                0x0800471c        0xc CMakeFiles/PRJ.dir/Core/Src/stm32f1xx_it.c.obj
                0x0800471c                PendSV_Handler
 .text.SysTick_Handler
                0x08004728        0xc CMakeFiles/PRJ.dir/Core/Src/stm32f1xx_it.c.obj
                0x08004728                SysTick_Handler
 .text.EXTI1_IRQHandler
                0x08004734        0xe CMakeFiles/PRJ.dir/Core/Src/stm32f1xx_it.c.obj
                0x08004734                EXTI1_IRQHandler
 .text.EXTI2_IRQHandler
                0x08004742        0xe CMakeFiles/PRJ.dir/Core/Src/stm32f1xx_it.c.obj
                0x08004742                EXTI2_IRQHandler
 .text.TIM2_IRQHandler
                0x08004750       0x14 CMakeFiles/PRJ.dir/Core/Src/stm32f1xx_it.c.obj
                0x08004750                TIM2_IRQHandler
 .text.USART1_IRQHandler
                0x08004764       0x14 CMakeFiles/PRJ.dir/Core/Src/stm32f1xx_it.c.obj
                0x08004764                USART1_IRQHandler
 .text.EXTI15_10_IRQHandler
                0x08004778       0x20 CMakeFiles/PRJ.dir/Core/Src/stm32f1xx_it.c.obj
                0x08004778                EXTI15_10_IRQHandler
 .text.HAL_MspInit
                0x08004798       0x64 CMakeFiles/PRJ.dir/Core/Src/stm32f1xx_hal_msp.c.obj
                0x08004798                HAL_MspInit
 .text.HAL_I2C_MspInit
                0x080047fc       0x7c CMakeFiles/PRJ.dir/Core/Src/stm32f1xx_hal_msp.c.obj
                0x080047fc                HAL_I2C_MspInit
 .text.HAL_SPI_MspInit
                0x08004878       0x94 CMakeFiles/PRJ.dir/Core/Src/stm32f1xx_hal_msp.c.obj
                0x08004878                HAL_SPI_MspInit
 .text.HAL_TIM_Base_MspInit
                0x0800490c       0x48 CMakeFiles/PRJ.dir/Core/Src/stm32f1xx_hal_msp.c.obj
                0x0800490c                HAL_TIM_Base_MspInit
 .text.HAL_TIM_MspPostInit
                0x08004954       0x60 CMakeFiles/PRJ.dir/Core/Src/stm32f1xx_hal_msp.c.obj
                0x08004954                HAL_TIM_MspPostInit
 .text.HAL_UART_MspInit
                0x080049b4       0xa8 CMakeFiles/PRJ.dir/Core/Src/stm32f1xx_hal_msp.c.obj
                0x080049b4                HAL_UART_MspInit
 .text._sbrk    0x08004a5c       0x6c CMakeFiles/PRJ.dir/Core/Src/sysmem.c.obj
                0x08004a5c                _sbrk
 .text.Reset_Handler
                0x08004ac8       0x48 CMakeFiles/PRJ.dir/startup_stm32f103xb.s.obj
                0x08004ac8                Reset_Handler
 .text.Default_Handler
                0x08004b10        0x2 CMakeFiles/PRJ.dir/startup_stm32f103xb.s.obj
                0x08004b10                RTC_Alarm_IRQHandler
                0x08004b10                TIM1_CC_IRQHandler
                0x08004b10                PVD_IRQHandler
                0x08004b10                EXTI3_IRQHandler
                0x08004b10                EXTI0_IRQHandler
                0x08004b10                I2C2_EV_IRQHandler
                0x08004b10                ADC1_2_IRQHandler
                0x08004b10                SPI1_IRQHandler
                0x08004b10                TAMPER_IRQHandler
                0x08004b10                DMA1_Channel4_IRQHandler
                0x08004b10                USART3_IRQHandler
                0x08004b10                RTC_IRQHandler
                0x08004b10                DMA1_Channel7_IRQHandler
                0x08004b10                CAN1_RX1_IRQHandler
                0x08004b10                TIM4_IRQHandler
                0x08004b10                I2C1_EV_IRQHandler
                0x08004b10                DMA1_Channel6_IRQHandler
                0x08004b10                TIM3_IRQHandler
                0x08004b10                RCC_IRQHandler
                0x08004b10                TIM1_TRG_COM_IRQHandler
                0x08004b10                DMA1_Channel1_IRQHandler
                0x08004b10                Default_Handler
                0x08004b10                EXTI9_5_IRQHandler
                0x08004b10                SPI2_IRQHandler
                0x08004b10                DMA1_Channel5_IRQHandler
                0x08004b10                EXTI4_IRQHandler
                0x08004b10                USB_LP_CAN1_RX0_IRQHandler
                0x08004b10                USB_HP_CAN1_TX_IRQHandler
                0x08004b10                DMA1_Channel3_IRQHandler
                0x08004b10                TIM1_UP_IRQHandler
                0x08004b10                WWDG_IRQHandler
                0x08004b10                TIM1_BRK_IRQHandler
                0x08004b10                USART2_IRQHandler
                0x08004b10                I2C2_ER_IRQHandler
                0x08004b10                DMA1_Channel2_IRQHandler
                0x08004b10                CAN1_SCE_IRQHandler
                0x08004b10                FLASH_IRQHandler
                0x08004b10                I2C1_ER_IRQHandler
                0x08004b10                USBWakeUp_IRQHandler
 .text.TM_MFRC522_Init
                0x08004b12       0x48 CMakeFiles/PRJ.dir/Core/Src/mfrc522.c.obj
                0x08004b12                TM_MFRC522_Init
 *fill*         0x08004b5a        0x2 
 .text.TM_MFRC522_WriteRegister
                0x08004b5c       0x54 CMakeFiles/PRJ.dir/Core/Src/mfrc522.c.obj
                0x08004b5c                TM_MFRC522_WriteRegister
 .text.TM_MFRC522_ReadRegister
                0x08004bb0       0x64 CMakeFiles/PRJ.dir/Core/Src/mfrc522.c.obj
                0x08004bb0                TM_MFRC522_ReadRegister
 .text.TM_MFRC522_SetBitMask
                0x08004c14       0x34 CMakeFiles/PRJ.dir/Core/Src/mfrc522.c.obj
                0x08004c14                TM_MFRC522_SetBitMask
 .text.TM_MFRC522_ClearBitMask
                0x08004c48       0x3c CMakeFiles/PRJ.dir/Core/Src/mfrc522.c.obj
                0x08004c48                TM_MFRC522_ClearBitMask
 .text.TM_MFRC522_AntennaOn
                0x08004c84       0x2a CMakeFiles/PRJ.dir/Core/Src/mfrc522.c.obj
                0x08004c84                TM_MFRC522_AntennaOn
 .text.TM_MFRC522_Reset
                0x08004cae       0x10 CMakeFiles/PRJ.dir/Core/Src/mfrc522.c.obj
                0x08004cae                TM_MFRC522_Reset
 .text.TM_MFRC522_Request
                0x08004cbe       0x4a CMakeFiles/PRJ.dir/Core/Src/mfrc522.c.obj
                0x08004cbe                TM_MFRC522_Request
 .text.TM_MFRC522_ToCard
                0x08004d08      0x19e CMakeFiles/PRJ.dir/Core/Src/mfrc522.c.obj
                0x08004d08                TM_MFRC522_ToCard
 .text.TM_MFRC522_Anticoll
                0x08004ea6       0x7a CMakeFiles/PRJ.dir/Core/Src/mfrc522.c.obj
                0x08004ea6                TM_MFRC522_Anticoll
 .text.TM_MFRC522_CalcCRC
                0x08004f20       0x78 CMakeFiles/PRJ.dir/Core/Src/mfrc522.c.obj
                0x08004f20                TM_MFRC522_CalcCRC
 .text.TM_MFRC522_SelectTag
                0x08004f98       0x8e CMakeFiles/PRJ.dir/Core/Src/mfrc522.c.obj
                0x08004f98                TM_MFRC522_SelectTag
 .text.TM_MFRC522_Auth
                0x08005026       0xc8 CMakeFiles/PRJ.dir/Core/Src/mfrc522.c.obj
                0x08005026                TM_MFRC522_Auth
 .text.TM_MFRC522_Read
                0x080050ee       0x52 CMakeFiles/PRJ.dir/Core/Src/mfrc522.c.obj
                0x080050ee                TM_MFRC522_Read
 .text.TM_MFRC522_Write
                0x08005140      0x10e CMakeFiles/PRJ.dir/Core/Src/mfrc522.c.obj
                0x08005140                TM_MFRC522_Write
 .text.TM_MFRC522_Halt
                0x0800524e       0x4e CMakeFiles/PRJ.dir/Core/Src/mfrc522.c.obj
                0x0800524e                TM_MFRC522_Halt
 .text.HAL_GPIO_EXTI_Callback
                0x0800529c       0x40 CMakeFiles/PRJ.dir/Drivers/Modules/Src/App.c.obj
                0x0800529c                HAL_GPIO_EXTI_Callback
 .text.App_Init
                0x080052dc       0x60 CMakeFiles/PRJ.dir/Drivers/Modules/Src/App.c.obj
                0x080052dc                App_Init
 .text.App_Run  0x0800533c      0xbbc CMakeFiles/PRJ.dir/Drivers/Modules/Src/App.c.obj
                0x0800533c                App_Run
 .text.Buzzer_Init
                0x08005ef8       0x24 CMakeFiles/PRJ.dir/Drivers/Modules/Src/Buzzer.c.obj
                0x08005ef8                Buzzer_Init
 .text.Buzzer_off
                0x08005f1c       0x1c CMakeFiles/PRJ.dir/Drivers/Modules/Src/Buzzer.c.obj
                0x08005f1c                Buzzer_off
 .text.Buzzer_on
                0x08005f38       0x1c CMakeFiles/PRJ.dir/Drivers/Modules/Src/Buzzer.c.obj
                0x08005f38                Buzzer_on
 .text.Oled_WriteCommand
                0x08005f54       0x34 CMakeFiles/PRJ.dir/Drivers/Modules/Src/Oled.c.obj
 .text.Oled_WriteData
                0x08005f88       0x34 CMakeFiles/PRJ.dir/Drivers/Modules/Src/Oled.c.obj
 .text.Oled_UpdateScreen
                0x08005fbc       0x50 CMakeFiles/PRJ.dir/Drivers/Modules/Src/Oled.c.obj
 .text.Oled_FindGlyph
                0x0800600c       0x54 CMakeFiles/PRJ.dir/Drivers/Modules/Src/Oled.c.obj
 .text.Oled_SetPixel
                0x08006060       0x90 CMakeFiles/PRJ.dir/Drivers/Modules/Src/Oled.c.obj
 .text.Oled_DrawChar
                0x080060f0       0xda CMakeFiles/PRJ.dir/Drivers/Modules/Src/Oled.c.obj
 .text.Oled_TextWidth
                0x080061ca       0x46 CMakeFiles/PRJ.dir/Drivers/Modules/Src/Oled.c.obj
 .text.Oled_DrawLineCentered
                0x08006210       0x80 CMakeFiles/PRJ.dir/Drivers/Modules/Src/Oled.c.obj
 .text.Oled_Init
                0x08006290       0xbc CMakeFiles/PRJ.dir/Drivers/Modules/Src/Oled.c.obj
                0x08006290                Oled_Init
 .text.Oled_Clear
                0x0800634c       0x1c CMakeFiles/PRJ.dir/Drivers/Modules/Src/Oled.c.obj
                0x0800634c                Oled_Clear
 .text.Oled_ShowLines
                0x08006368       0xb8 CMakeFiles/PRJ.dir/Drivers/Modules/Src/Oled.c.obj
                0x08006368                Oled_ShowLines
 .text.Oled_ShowPasswordMask
                0x08006420       0x56 CMakeFiles/PRJ.dir/Drivers/Modules/Src/Oled.c.obj
                0x08006420                Oled_ShowPasswordMask
 *fill*         0x08006476        0x2 
 .text.Oled_UintToStr
                0x08006478       0xa8 CMakeFiles/PRJ.dir/Drivers/Modules/Src/Oled.c.obj
 .text.Oled_ShowLockCountdown
                0x08006520       0x30 CMakeFiles/PRJ.dir/Drivers/Modules/Src/Oled.c.obj
                0x08006520                Oled_ShowLockCountdown
 .text.RC522_Init
                0x08006550       0x20 CMakeFiles/PRJ.dir/Drivers/Modules/Src/RC522.c.obj
                0x08006550                RC522_Init
 .text.Is_Admin_Card
                0x08006570       0x68 CMakeFiles/PRJ.dir/Drivers/Modules/Src/RC522.c.obj
 .text.RC522_ReactivateCard
                0x080065d8       0x54 CMakeFiles/PRJ.dir/Drivers/Modules/Src/RC522.c.obj
 .text.RC522_WriteSecCode
                0x0800662c       0xdc CMakeFiles/PRJ.dir/Drivers/Modules/Src/RC522.c.obj
 .text.RC522_VerifySecCode
                0x08006708       0x84 CMakeFiles/PRJ.dir/Drivers/Modules/Src/RC522.c.obj
 .text.Flash_Save_Cards
                0x0800678c      0x1f0 CMakeFiles/PRJ.dir/Drivers/Modules/Src/RC522.c.obj
                0x0800678c                Flash_Save_Cards
 .text.Flash_Load_Cards
                0x0800697c      0x170 CMakeFiles/PRJ.dir/Drivers/Modules/Src/RC522.c.obj
                0x0800697c                Flash_Load_Cards
 .text.Flash_Print_Cards_UART
                0x08006aec      0x138 CMakeFiles/PRJ.dir/Drivers/Modules/Src/RC522.c.obj
                0x08006aec                Flash_Print_Cards_UART
 .text.UID_IsEmpty
                0x08006c24       0x40 CMakeFiles/PRJ.dir/Drivers/Modules/Src/RC522.c.obj
 .text.RecalcCardCount
                0x08006c64       0x50 CMakeFiles/PRJ.dir/Drivers/Modules/Src/RC522.c.obj
 .text.RC522_UID_Add
                0x08006cb4       0xc4 CMakeFiles/PRJ.dir/Drivers/Modules/Src/RC522.c.obj
                0x08006cb4                RC522_UID_Add
 .text.RC522_UID_Delete
                0x08006d78       0x84 CMakeFiles/PRJ.dir/Drivers/Modules/Src/RC522.c.obj
                0x08006d78                RC522_UID_Delete
 .text.RC522_UID_Detected
                0x08006dfc       0x5c CMakeFiles/PRJ.dir/Drivers/Modules/Src/RC522.c.obj
                0x08006dfc                RC522_UID_Detected
 .text.RC522_UID_Verify
                0x08006e58       0xb4 CMakeFiles/PRJ.dir/Drivers/Modules/Src/RC522.c.obj
                0x08006e58                RC522_UID_Verify
 .text.RC522_UID_AddAD
                0x08006f0c      0x100 CMakeFiles/PRJ.dir/Drivers/Modules/Src/RC522.c.obj
                0x08006f0c                RC522_UID_AddAD
 .text.RC522_UID_DeleteByIndex
                0x0800700c       0xd0 CMakeFiles/PRJ.dir/Drivers/Modules/Src/RC522.c.obj
                0x0800700c                RC522_UID_DeleteByIndex
 .text.RC522_UID_DelAD
                0x080070dc       0xbc CMakeFiles/PRJ.dir/Drivers/Modules/Src/RC522.c.obj
                0x080070dc                RC522_UID_DelAD
 .text.RC522_UID_DeleteAdminByIndex
                0x08007198       0xd0 CMakeFiles/PRJ.dir/Drivers/Modules/Src/RC522.c.obj
                0x08007198                RC522_UID_DeleteAdminByIndex
 .text.RC522_GetCardUID
                0x08007268       0x3c CMakeFiles/PRJ.dir/Drivers/Modules/Src/RC522.c.obj
                0x08007268                RC522_GetCardUID
 .text.RC522_GetAdminUID
                0x080072a4       0x3c CMakeFiles/PRJ.dir/Drivers/Modules/Src/RC522.c.obj
                0x080072a4                RC522_GetAdminUID
 .text.Print_Card_List_UART
                0x080072e0      0x124 CMakeFiles/PRJ.dir/Drivers/Modules/Src/RC522.c.obj
                0x080072e0                Print_Card_List_UART
 .text.Print_Selected_Slot_UART
                0x08007404       0xc8 CMakeFiles/PRJ.dir/Drivers/Modules/Src/RC522.c.obj
                0x08007404                Print_Selected_Slot_UART
 .text.Servo_Init
                0x080074cc       0x30 CMakeFiles/PRJ.dir/Drivers/Modules/Src/Servo.c.obj
                0x080074cc                Servo_Init
 .text.Servo_SetAngle
                0x080074fc       0x90 CMakeFiles/PRJ.dir/Drivers/Modules/Src/Servo.c.obj
                0x080074fc                Servo_SetAngle
 .text.UART_Init
                0x0800758c       0x1c CMakeFiles/PRJ.dir/Drivers/Modules/Src/UART.c.obj
                0x0800758c                UART_Init
 .text.UART_PC_Print
                0x080075a8       0x3c CMakeFiles/PRJ.dir/Drivers/Modules/Src/UART.c.obj
                0x080075a8                UART_PC_Print
 .text.UART_Print_UID
                0x080075e4       0x54 CMakeFiles/PRJ.dir/Drivers/Modules/Src/UART.c.obj
                0x080075e4                UART_Print_UID
 .text.Keypad_Init
                0x08007638       0x30 CMakeFiles/PRJ.dir/Drivers/Modules/Src/Keypad.c.obj
                0x08007638                Keypad_Init
 .text.Keypad_EnableEXTI
                0x08007668       0x34 CMakeFiles/PRJ.dir/Drivers/Modules/Src/Keypad.c.obj
                0x08007668                Keypad_EnableEXTI
 .text.Keypad_DisableEXTI
                0x0800769c       0x14 CMakeFiles/PRJ.dir/Drivers/Modules/Src/Keypad.c.obj
                0x0800769c                Keypad_DisableEXTI
 .text.Keypad_Scan
                0x080076b0      0x230 CMakeFiles/PRJ.dir/Drivers/Modules/Src/Keypad.c.obj
                0x080076b0                Keypad_Scan
 .text.Keypad_Password_Append
                0x080078e0       0x3c CMakeFiles/PRJ.dir/Drivers/Modules/Src/Keypad.c.obj
                0x080078e0                Keypad_Password_Append
 .text.Keypad_Password_Del
                0x0800791c       0x34 CMakeFiles/PRJ.dir/Drivers/Modules/Src/Keypad.c.obj
                0x0800791c                Keypad_Password_Del
 .text.Keypad_Password_GetLength
                0x08007950       0x14 CMakeFiles/PRJ.dir/Drivers/Modules/Src/Keypad.c.obj
                0x08007950                Keypad_Password_GetLength
 .text.Keypad_Password_Verify
                0x08007964       0x50 CMakeFiles/PRJ.dir/Drivers/Modules/Src/Keypad.c.obj
                0x08007964                Keypad_Password_Verify
 .text.Keypad_Password_Reset
                0x080079b4       0x3c CMakeFiles/PRJ.dir/Drivers/Modules/Src/Keypad.c.obj
                0x080079b4                Keypad_Password_Reset
 .text.snprintf
                0x080079f0       0x68 c:/progra~2/armgnu~1/12977f~1.2mp/bin/../lib/gcc/arm-none-eabi/12.2.1/thumb/v7-m/nofp\libg_nano.a(libc_a-snprintf.o)
                0x080079f0                sniprintf
                0x080079f0                snprintf
 .text.sprintf  0x08007a58       0x40 c:/progra~2/armgnu~1/12977f~1.2mp/bin/../lib/gcc/arm-none-eabi/12.2.1/thumb/v7-m/nofp\libg_nano.a(libc_a-sprintf.o)
                0x08007a58                siprintf
                0x08007a58                sprintf
 .text.memcmp   0x08007a98       0x20 c:/progra~2/armgnu~1/12977f~1.2mp/bin/../lib/gcc/arm-none-eabi/12.2.1/thumb/v7-m/nofp\libg_nano.a(libc_a-memcmp.o)
                0x08007a98                memcmp
 .text.memset   0x08007ab8       0x10 c:/progra~2/armgnu~1/12977f~1.2mp/bin/../lib/gcc/arm-none-eabi/12.2.1/thumb/v7-m/nofp\libg_nano.a(libc_a-memset.o)
                0x08007ab8                memset
 .text.__errno  0x08007ac8        0xc c:/progra~2/armgnu~1/12977f~1.2mp/bin/../lib/gcc/arm-none-eabi/12.2.1/thumb/v7-m/nofp\libg_nano.a(libc_a-errno.o)
                0x08007ac8                __errno
 .text.__libc_init_array
                0x08007ad4       0x48 c:/progra~2/armgnu~1/12977f~1.2mp/bin/../lib/gcc/arm-none-eabi/12.2.1/thumb/v7-m/nofp\libg_nano.a(libc_a-init.o)
                0x08007ad4                __libc_init_array
 .text.__retarget_lock_acquire_recursive
                0x08007b1c        0x2 c:/progra~2/armgnu~1/12977f~1.2mp/bin/../lib/gcc/arm-none-eabi/12.2.1/thumb/v7-m/nofp\libg_nano.a(libc_a-lock.o)
                0x08007b1c                __retarget_lock_acquire_recursive
 .text.__retarget_lock_release_recursive
                0x08007b1e        0x2 c:/progra~2/armgnu~1/12977f~1.2mp/bin/../lib/gcc/arm-none-eabi/12.2.1/thumb/v7-m/nofp\libg_nano.a(libc_a-lock.o)
                0x08007b1e                __retarget_lock_release_recursive
 .text._free_r  0x08007b20       0x90 c:/progra~2/armgnu~1/12977f~1.2mp/bin/../lib/gcc/arm-none-eabi/12.2.1/thumb/v7-m/nofp\libg_nano.a(libc_a-freer.o)
                0x08007b20                _free_r
 .text.sbrk_aligned
                0x08007bb0       0x44 c:/progra~2/armgnu~1/12977f~1.2mp/bin/../lib/gcc/arm-none-eabi/12.2.1/thumb/v7-m/nofp\libg_nano.a(libc_a-mallocr.o)
 .text._malloc_r
                0x08007bf4      0x100 c:/progra~2/armgnu~1/12977f~1.2mp/bin/../lib/gcc/arm-none-eabi/12.2.1/thumb/v7-m/nofp\libg_nano.a(libc_a-mallocr.o)
                0x08007bf4                _malloc_r
 .text.__malloc_lock
                0x08007cf4        0xc c:/progra~2/armgnu~1/12977f~1.2mp/bin/../lib/gcc/arm-none-eabi/12.2.1/thumb/v7-m/nofp\libg_nano.a(libc_a-mlock.o)
                0x08007cf4                __malloc_lock
 .text.__malloc_unlock
                0x08007d00        0xc c:/progra~2/armgnu~1/12977f~1.2mp/bin/../lib/gcc/arm-none-eabi/12.2.1/thumb/v7-m/nofp\libg_nano.a(libc_a-mlock.o)
                0x08007d00                __malloc_unlock
 .text.__ssputs_r
                0x08007d0c       0xb6 c:/progra~2/armgnu~1/12977f~1.2mp/bin/../lib/gcc/arm-none-eabi/12.2.1/thumb/v7-m/nofp\libg_nano.a(libc_a-nano-svfprintf.o)
                0x08007d0c                __ssputs_r
 *fill*         0x08007dc2        0x2 
 .text._svfprintf_r
                0x08007dc4      0x1f8 c:/progra~2/armgnu~1/12977f~1.2mp/bin/../lib/gcc/arm-none-eabi/12.2.1/thumb/v7-m/nofp\libg_nano.a(libc_a-nano-svfprintf.o)
                0x08007dc4                _svfiprintf_r
                0x08007dc4                _svfprintf_r
 .text._printf_common
                0x08007fbc       0xe4 c:/progra~2/armgnu~1/12977f~1.2mp/bin/../lib/gcc/arm-none-eabi/12.2.1/thumb/v7-m/nofp\libg_nano.a(libc_a-nano-vfprintf_i.o)
                0x08007fbc                _printf_common
 .text._printf_i
                0x080080a0      0x258 c:/progra~2/armgnu~1/12977f~1.2mp/bin/../lib/gcc/arm-none-eabi/12.2.1/thumb/v7-m/nofp\libg_nano.a(libc_a-nano-vfprintf_i.o)
                0x080080a0                _printf_i
 .text.memmove  0x080082f8       0x34 c:/progra~2/armgnu~1/12977f~1.2mp/bin/../lib/gcc/arm-none-eabi/12.2.1/thumb/v7-m/nofp\libg_nano.a(libc_a-memmove.o)
                0x080082f8                memmove
 .text._sbrk_r  0x0800832c       0x20 c:/progra~2/armgnu~1/12977f~1.2mp/bin/../lib/gcc/arm-none-eabi/12.2.1/thumb/v7-m/nofp\libg_nano.a(libc_a-sbrkr.o)
                0x0800832c                _sbrk_r
 .text.memchr   0x0800834c       0x1c c:/progra~2/armgnu~1/12977f~1.2mp/bin/../lib/gcc/arm-none-eabi/12.2.1/thumb/v7-m/nofp\libg_nano.a(libc_a-memchr-stub.o)
                0x0800834c                memchr
 .text.memcpy   0x08008368       0x1c c:/progra~2/armgnu~1/12977f~1.2mp/bin/../lib/gcc/arm-none-eabi/12.2.1/thumb/v7-m/nofp\libg_nano.a(libc_a-memcpy-stub.o)
                0x08008368                memcpy
 .text._realloc_r
                0x08008384       0x5c c:/progra~2/armgnu~1/12977f~1.2mp/bin/../lib/gcc/arm-none-eabi/12.2.1/thumb/v7-m/nofp\libg_nano.a(libc_a-reallocr.o)
                0x08008384                _realloc_r
 .text._malloc_usable_size_r
                0x080083e0       0x10 c:/progra~2/armgnu~1/12977f~1.2mp/bin/../lib/gcc/arm-none-eabi/12.2.1/thumb/v7-m/nofp\libg_nano.a(libc_a-msizer.o)
                0x080083e0                _malloc_usable_size_r
 *(.glue_7)
 .glue_7        0x080083f0        0x0 linker stubs
 *(.glue_7t)
 .glue_7t       0x080083f0        0x0 linker stubs
 *(.eh_frame)
 .eh_frame      0x080083f0        0x0 c:/progra~2/armgnu~1/12977f~1.2mp/bin/../lib/gcc/arm-none-eabi/12.2.1/thumb/v7-m/nofp/crtbegin.o
 *(.init)
 .init          0x080083f0        0x4 c:/progra~2/armgnu~1/12977f~1.2mp/bin/../lib/gcc/arm-none-eabi/12.2.1/thumb/v7-m/nofp/crti.o
                0x080083f0                _init
 .init          0x080083f4        0x8 c:/progra~2/armgnu~1/12977f~1.2mp/bin/../lib/gcc/arm-none-eabi/12.2.1/thumb/v7-m/nofp/crtn.o
 *(.fini)
 .fini          0x080083fc        0x4 c:/progra~2/armgnu~1/12977f~1.2mp/bin/../lib/gcc/arm-none-eabi/12.2.1/thumb/v7-m/nofp/crti.o
                0x080083fc                _fini
 .fini          0x08008400        0x8 c:/progra~2/armgnu~1/12977f~1.2mp/bin/../lib/gcc/arm-none-eabi/12.2.1/thumb/v7-m/nofp/crtn.o
                0x08008408                        . = ALIGN (0x4)
                0x08008408                        _etext = .

.vfp11_veneer   0x08008408        0x0
 .vfp11_veneer  0x08008408        0x0 linker stubs

.v4_bx          0x08008408        0x0
 .v4_bx         0x08008408        0x0 linker stubs

.iplt           0x08008408        0x0
 .iplt          0x08008408        0x0 c:/progra~2/armgnu~1/12977f~1.2mp/bin/../lib/gcc/arm-none-eabi/12.2.1/thumb/v7-m/nofp/crtbegin.o

.rodata         0x08008408      0x83c
                0x08008408                        . = ALIGN (0x4)
 *(.rodata)
 .rodata        0x08008408      0x3ab CMakeFiles/PRJ.dir/Drivers/Modules/Src/App.c.obj
 *fill*         0x080087b3        0x1 
 .rodata        0x080087b4        0x8 CMakeFiles/PRJ.dir/Drivers/Modules/Src/Oled.c.obj
 .rodata        0x080087bc      0x20f CMakeFiles/PRJ.dir/Drivers/Modules/Src/RC522.c.obj
 *fill*         0x080089cb        0x1 
 .rodata        0x080089cc       0x19 CMakeFiles/PRJ.dir/Drivers/Modules/Src/UART.c.obj
 *fill*         0x080089e5        0x3 
 .rodata        0x080089e8        0xc CMakeFiles/PRJ.dir/Drivers/Modules/Src/Keypad.c.obj
 *(.rodata*)
 .rodata.AHBPrescTable
                0x080089f4       0x10 cmake/stm32cubemx/CMakeFiles/STM32_Drivers.dir/__/__/Core/Src/system_stm32f1xx.c.obj
                0x080089f4                AHBPrescTable
 .rodata.APBPrescTable
                0x08008a04        0x8 cmake/stm32cubemx/CMakeFiles/STM32_Drivers.dir/__/__/Core/Src/system_stm32f1xx.c.obj
                0x08008a04                APBPrescTable
 .rodata.aPLLMULFactorTable.1
                0x08008a0c       0x10 cmake/stm32cubemx/CMakeFiles/STM32_Drivers.dir/__/__/Drivers/STM32F1xx_HAL_Driver/Src/stm32f1xx_hal_rcc.c.obj
 .rodata.aPredivFactorTable.0
                0x08008a1c        0x2 cmake/stm32cubemx/CMakeFiles/STM32_Drivers.dir/__/__/Drivers/STM32F1xx_HAL_Driver/Src/stm32f1xx_hal_rcc.c.obj
 *fill*         0x08008a1e        0x2 
 .rodata.Oled_Font
                0x08008a20      0x1c2 CMakeFiles/PRJ.dir/Drivers/Modules/Src/Oled.c.obj
 *fill*         0x08008be2        0x2 
 .rodata.SecKeyA
                0x08008be4        0x6 CMakeFiles/PRJ.dir/Drivers/Modules/Src/RC522.c.obj
 *fill*         0x08008bea        0x2 
 .rodata.SecKeyB
                0x08008bec        0x6 CMakeFiles/PRJ.dir/Drivers/Modules/Src/RC522.c.obj
 *fill*         0x08008bf2        0x2 
 .rodata.SecCode
                0x08008bf4       0x10 CMakeFiles/PRJ.dir/Drivers/Modules/Src/RC522.c.obj
 .rodata.DefaultKey
                0x08008c04        0x6 CMakeFiles/PRJ.dir/Drivers/Modules/Src/RC522.c.obj
 *fill*         0x08008c0a        0x2 
 .rodata.Password_Store
                0x08008c0c        0x4 CMakeFiles/PRJ.dir/Drivers/Modules/Src/Keypad.c.obj
 .rodata._svfprintf_r.str1.1
                0x08008c10       0x11 c:/progra~2/armgnu~1/12977f~1.2mp/bin/../lib/gcc/arm-none-eabi/12.2.1/thumb/v7-m/nofp\libg_nano.a(libc_a-nano-svfprintf.o)
 .rodata._printf_i.str1.1
                0x08008c21       0x22 c:/progra~2/armgnu~1/12977f~1.2mp/bin/../lib/gcc/arm-none-eabi/12.2.1/thumb/v7-m/nofp\libg_nano.a(libc_a-nano-vfprintf_i.o)
                0x08008c44                        . = ALIGN (0x4)
 *fill*         0x08008c43        0x1 

.ARM.extab      0x08008c44        0x0
                0x08008c44                        . = ALIGN (0x4)
 *(.ARM.extab* .gnu.linkonce.armextab.*)
                0x08008c44                        . = ALIGN (0x4)

.ARM            0x08008c44        0x8
                0x08008c44                        . = ALIGN (0x4)
                0x08008c44                        __exidx_start = .
 *(.ARM.exidx*)
 .ARM.exidx     0x08008c44        0x8 c:/progra~2/armgnu~1/12977f~1.2mp/bin/../lib/gcc/arm-none-eabi/12.2.1/thumb/v7-m/nofp\libg_nano.a(libc_a-strlen.o)
                0x08008c4c                        __exidx_end = .
                0x08008c4c                        . = ALIGN (0x4)

.preinit_array  0x08008c4c        0x0
                0x08008c4c                        . = ALIGN (0x4)
                0x08008c4c                        PROVIDE (__preinit_array_start = .)
 *(.preinit_array*)
                0x08008c4c                        PROVIDE (__preinit_array_end = .)
                0x08008c4c                        . = ALIGN (0x4)

.init_array     0x08008c4c        0x4
                0x08008c4c                        . = ALIGN (0x4)
                0x08008c4c                        PROVIDE (__init_array_start = .)
 *(SORT_BY_NAME(.init_array.*))
 *(.init_array*)
 .init_array    0x08008c4c        0x4 c:/progra~2/armgnu~1/12977f~1.2mp/bin/../lib/gcc/arm-none-eabi/12.2.1/thumb/v7-m/nofp/crtbegin.o
                0x08008c50                        PROVIDE (__init_array_end = .)
                0x08008c50                        . = ALIGN (0x4)

.fini_array     0x08008c50        0x4
                0x08008c50                        . = ALIGN (0x4)
                [!provide]                        PROVIDE (__fini_array_start = .)
 *(SORT_BY_NAME(.fini_array.*))
 *(.fini_array*)
 .fini_array    0x08008c50        0x4 c:/progra~2/armgnu~1/12977f~1.2mp/bin/../lib/gcc/arm-none-eabi/12.2.1/thumb/v7-m/nofp/crtbegin.o
                [!provide]                        PROVIDE (__fini_array_end = .)
                0x08008c54                        . = ALIGN (0x4)
                0x08008c54                        _sidata = LOADADDR (.data)

.rel.dyn        0x08008c54        0x0
 .rel.iplt      0x08008c54        0x0 c:/progra~2/armgnu~1/12977f~1.2mp/bin/../lib/gcc/arm-none-eabi/12.2.1/thumb/v7-m/nofp/crtbegin.o

.data           0x20000000       0xa4 load address 0x08008c54
                0x20000000                        . = ALIGN (0x4)
                0x20000000                        _sdata = .
 *(.data)
 *(.data*)
 .data.SystemCoreClock
                0x20000000        0x4 cmake/stm32cubemx/CMakeFiles/STM32_Drivers.dir/__/__/Core/Src/system_stm32f1xx.c.obj
                0x20000000                SystemCoreClock
 .data.uwTickPrio
                0x20000004        0x4 cmake/stm32cubemx/CMakeFiles/STM32_Drivers.dir/__/__/Drivers/STM32F1xx_HAL_Driver/Src/stm32f1xx_hal.c.obj
                0x20000004                uwTickPrio
 .data.uwTickFreq
                0x20000008        0x1 cmake/stm32cubemx/CMakeFiles/STM32_Drivers.dir/__/__/Drivers/STM32F1xx_HAL_Driver/Src/stm32f1xx_hal.c.obj
                0x20000008                uwTickFreq
 *fill*         0x20000009        0x3 
 .data.servo    0x2000000c        0x8 CMakeFiles/PRJ.dir/Core/Src/main.c.obj
                0x2000000c                servo
 .data.buzzer   0x20000014        0x8 CMakeFiles/PRJ.dir/Core/Src/main.c.obj
                0x20000014                buzzer
 .data.keypad   0x2000001c       0x30 CMakeFiles/PRJ.dir/Core/Src/main.c.obj
                0x2000001c                keypad
 .data.Selected_Slot
                0x2000004c        0x1 CMakeFiles/PRJ.dir/Drivers/Modules/Src/RC522.c.obj
                0x2000004c                Selected_Slot
 *fill*         0x2000004d        0x3 
 .data.AdminUID
                0x20000050        0x4 CMakeFiles/PRJ.dir/Drivers/Modules/Src/RC522.c.obj
                0x20000050                AdminUID
 .data._impure_ptr
                0x20000054        0x4 c:/progra~2/armgnu~1/12977f~1.2mp/bin/../lib/gcc/arm-none-eabi/12.2.1/thumb/v7-m/nofp\libg_nano.a(libc_a-impure.o)
                0x20000054                _impure_ptr
 .data._impure_data
                0x20000058       0x4c c:/progra~2/armgnu~1/12977f~1.2mp/bin/../lib/gcc/arm-none-eabi/12.2.1/thumb/v7-m/nofp\libg_nano.a(libc_a-impure.o)
                0x20000058                _impure_data
 *(.RamFunc)
 *(.RamFunc*)
                0x200000a4                        . = ALIGN (0x4)

.tm_clone_table
                0x200000a4        0x0 load address 0x08008cf8
 .tm_clone_table
                0x200000a4        0x0 c:/progra~2/armgnu~1/12977f~1.2mp/bin/../lib/gcc/arm-none-eabi/12.2.1/thumb/v7-m/nofp/crtbegin.o
 .tm_clone_table
                0x200000a4        0x0 c:/progra~2/armgnu~1/12977f~1.2mp/bin/../lib/gcc/arm-none-eabi/12.2.1/thumb/v7-m/nofp/crtend.o

.igot.plt       0x200000a4        0x0 load address 0x08008cf8
 .igot.plt      0x200000a4        0x0 c:/progra~2/armgnu~1/12977f~1.2mp/bin/../lib/gcc/arm-none-eabi/12.2.1/thumb/v7-m/nofp/crtbegin.o

.tdata          0x200000a4        0x0 load address 0x08008cf8
 *(.tdata .tdata.* .gnu.linkonce.td.*)
                0x200000a4                        . = ALIGN (0x4)
                0x200000a4                        _edata = .
                [!provide]                        PROVIDE (__data_end = .)
                [!provide]                        PROVIDE (__tdata_end = .)
                [!provide]                        PROVIDE (__tdata_start = ADDR (.tdata))
                [!provide]                        PROVIDE (__tdata_size = (__tdata_end - __tdata_start))
                [!provide]                        PROVIDE (__data_start = ADDR (.data))
                [!provide]                        PROVIDE (__data_size = (__data_end - __data_start))
                [!provide]                        PROVIDE (__tdata_source = LOADADDR (.tdata))
                [!provide]                        PROVIDE (__tdata_source_end = (LOADADDR (.tdata) + SIZEOF (.tdata)))
                [!provide]                        PROVIDE (__tdata_source_size = (__tdata_source_end - __tdata_source))
                [!provide]                        PROVIDE (__data_source = LOADADDR (.data))
                [!provide]                        PROVIDE (__data_source_end = __tdata_source_end)
                [!provide]                        PROVIDE (__data_source_size = (__data_source_end - __data_source))

.tbss           0x200000a4        0x0 load address 0x08008cf8
                0x200000a4                        _sbss = .
                0x200000a4                        __bss_start__ = _sbss
 *(.tbss .tbss.*)
                0x200000a4                        . = ALIGN (0x4)
                [!provide]                        PROVIDE (__tbss_end = .)
                [!provide]                        PROVIDE (__tbss_start = ADDR (.tbss))
                [!provide]                        PROVIDE (__tbss_size = (__tbss_end - __tbss_start))
                [!provide]                        PROVIDE (__tbss_offset = (ADDR (.tbss) - ADDR (.tdata)))
                [!provide]                        PROVIDE (__tls_base = __tdata_start)
                [!provide]                        PROVIDE (__tls_end = __tbss_end)
                [!provide]                        PROVIDE (__tls_size = (__tls_end - __tls_base))
                [!provide]                        PROVIDE (__tls_align = MAX (ALIGNOF (.tdata), ALIGNOF (.tbss)))
                [!provide]                        PROVIDE (__tls_size_align = (((__tls_size + __tls_align) - 0x1) & ~ ((__tls_align - 0x1))))
                [!provide]                        PROVIDE (__arm32_tls_tcb_offset = MAX (0x8, __tls_align))
                [!provide]                        PROVIDE (__arm64_tls_tcb_offset = MAX (0x10, __tls_align))

.bss            0x200000a8      0x760 load address 0x08008cf8
 *(.bss)
 *(.bss*)
 .bss.completed.1
                0x200000a8        0x1 c:/progra~2/armgnu~1/12977f~1.2mp/bin/../lib/gcc/arm-none-eabi/12.2.1/thumb/v7-m/nofp/crtbegin.o
 *fill*         0x200000a9        0x3 
 .bss.object.0  0x200000ac       0x18 c:/progra~2/armgnu~1/12977f~1.2mp/bin/../lib/gcc/arm-none-eabi/12.2.1/thumb/v7-m/nofp/crtbegin.o
 .bss.uwTick    0x200000c4        0x4 cmake/stm32cubemx/CMakeFiles/STM32_Drivers.dir/__/__/Drivers/STM32F1xx_HAL_Driver/Src/stm32f1xx_hal.c.obj
                0x200000c4                uwTick
 .bss.pFlash    0x200000c8       0x20 cmake/stm32cubemx/CMakeFiles/STM32_Drivers.dir/__/__/Drivers/STM32F1xx_HAL_Driver/Src/stm32f1xx_hal_flash.c.obj
                0x200000c8                pFlash
 .bss.hi2c1     0x200000e8       0x54 CMakeFiles/PRJ.dir/Core/Src/main.c.obj
                0x200000e8                hi2c1
 .bss.hspi1     0x2000013c       0x58 CMakeFiles/PRJ.dir/Core/Src/main.c.obj
                0x2000013c                hspi1
 .bss.htim2     0x20000194       0x48 CMakeFiles/PRJ.dir/Core/Src/main.c.obj
                0x20000194                htim2
 .bss.huart1    0x200001dc       0x48 CMakeFiles/PRJ.dir/Core/Src/main.c.obj
                0x200001dc                huart1
 .bss.__sbrk_heap_end
                0x20000224        0x4 CMakeFiles/PRJ.dir/Core/Src/sysmem.c.obj
 .bss.appState  0x20000228        0x1 CMakeFiles/PRJ.dir/Drivers/Modules/Src/App.c.obj
 .bss.previous_State
                0x20000229        0x1 CMakeFiles/PRJ.dir/Drivers/Modules/Src/App.c.obj
 .bss.key       0x2000022a        0x1 CMakeFiles/PRJ.dir/Drivers/Modules/Src/App.c.obj
 .bss.Deny_counter
                0x2000022b        0x1 CMakeFiles/PRJ.dir/Drivers/Modules/Src/App.c.obj
 .bss.Deny_start_time
                0x2000022c        0x4 CMakeFiles/PRJ.dir/Drivers/Modules/Src/App.c.obj
 .bss.Timeout_counter
                0x20000230        0x4 CMakeFiles/PRJ.dir/Drivers/Modules/Src/App.c.obj
 .bss.rc522Status
                0x20000234        0x1 CMakeFiles/PRJ.dir/Drivers/Modules/Src/App.c.obj
 .bss.uidStatus
                0x20000235        0x1 CMakeFiles/PRJ.dir/Drivers/Modules/Src/App.c.obj
 .bss.keypad_event
                0x20000236        0x1 CMakeFiles/PRJ.dir/Drivers/Modules/Src/App.c.obj
 .bss.Lock_Level
                0x20000237        0x1 CMakeFiles/PRJ.dir/Drivers/Modules/Src/App.c.obj
 .bss.Lock_Duration
                0x20000238        0x4 CMakeFiles/PRJ.dir/Drivers/Modules/Src/App.c.obj
 .bss.Last_Lock_Second
                0x2000023c        0x4 CMakeFiles/PRJ.dir/Drivers/Modules/Src/App.c.obj
 .bss.Buzzer_Handle
                0x20000240        0x8 CMakeFiles/PRJ.dir/Drivers/Modules/Src/Buzzer.c.obj
 .bss.Oled_Handle
                0x20000248        0x4 CMakeFiles/PRJ.dir/Drivers/Modules/Src/Oled.c.obj
 .bss.Oled_Buffer
                0x2000024c      0x400 CMakeFiles/PRJ.dir/Drivers/Modules/Src/Oled.c.obj
 .bss.RC522_Handle
                0x2000064c        0x4 CMakeFiles/PRJ.dir/Drivers/Modules/Src/RC522.c.obj
 .bss.CurrentUID
                0x20000650        0x5 CMakeFiles/PRJ.dir/Drivers/Modules/Src/RC522.c.obj
                0x20000650                CurrentUID
 *fill*         0x20000655        0x3 
 .bss.AuthorizedCards
                0x20000658       0x14 CMakeFiles/PRJ.dir/Drivers/Modules/Src/RC522.c.obj
                0x20000658                AuthorizedCards
 .bss.CardCount
                0x2000066c        0x1 CMakeFiles/PRJ.dir/Drivers/Modules/Src/RC522.c.obj
                0x2000066c                CardCount
 *fill*         0x2000066d        0x3 
 .bss.AdminUIDs
                0x20000670        0xc CMakeFiles/PRJ.dir/Drivers/Modules/Src/RC522.c.obj
                0x20000670                AdminUIDs
 .bss.AdminCount
                0x2000067c        0x1 CMakeFiles/PRJ.dir/Drivers/Modules/Src/RC522.c.obj
                0x2000067c                AdminCount
 *fill*         0x2000067d        0x3 
 .bss.Servo_Handle
                0x20000680        0x4 CMakeFiles/PRJ.dir/Drivers/Modules/Src/Servo.c.obj
 .bss.UART_Handle
                0x20000684        0x4 CMakeFiles/PRJ.dir/Drivers/Modules/Src/UART.c.obj
 .bss.Keypad_Handle
                0x20000688       0x30 CMakeFiles/PRJ.dir/Drivers/Modules/Src/Keypad.c.obj
                0x20000688                Keypad_Handle
 .bss.Password_Buffer
                0x200006b8        0x4 CMakeFiles/PRJ.dir/Drivers/Modules/Src/Keypad.c.obj
 .bss.Password_Index
                0x200006bc        0x1 CMakeFiles/PRJ.dir/Drivers/Modules/Src/Keypad.c.obj
 *fill*         0x200006bd        0x3 
 .bss.__sf      0x200006c0      0x138 c:/progra~2/armgnu~1/12977f~1.2mp/bin/../lib/gcc/arm-none-eabi/12.2.1/thumb/v7-m/nofp\libg_nano.a(libc_a-findfp.o)
                0x200006c0                __sf
 .bss.errno     0x200007f8        0x4 c:/progra~2/armgnu~1/12977f~1.2mp/bin/../lib/gcc/arm-none-eabi/12.2.1/thumb/v7-m/nofp\libg_nano.a(libc_a-reent.o)
                0x200007f8                errno
 .bss.__lock___malloc_recursive_mutex
                0x200007fc        0x1 c:/progra~2/armgnu~1/12977f~1.2mp/bin/../lib/gcc/arm-none-eabi/12.2.1/thumb/v7-m/nofp\libg_nano.a(libc_a-lock.o)
                0x200007fc                __lock___malloc_recursive_mutex
 *fill*         0x200007fd        0x3 
 .bss.__malloc_sbrk_start
                0x20000800        0x4 c:/progra~2/armgnu~1/12977f~1.2mp/bin/../lib/gcc/arm-none-eabi/12.2.1/thumb/v7-m/nofp\libg_nano.a(libc_a-mallocr.o)
                0x20000800                __malloc_sbrk_start
 .bss.__malloc_free_list
                0x20000804        0x4 c:/progra~2/armgnu~1/12977f~1.2mp/bin/../lib/gcc/arm-none-eabi/12.2.1/thumb/v7-m/nofp\libg_nano.a(libc_a-mallocr.o)
                0x20000804                __malloc_free_list
 *(COMMON)
                0x20000808                        . = ALIGN (0x4)
                0x20000808                        _ebss = .
                0x20000808                        __bss_end__ = _ebss
                [!provide]                        PROVIDE (__bss_end = .)
                [!provide]                        PROVIDE (__non_tls_bss_start = ADDR (.bss))
                [!provide]                        PROVIDE (__bss_start = __tbss_start)
                [!provide]                        PROVIDE (__bss_size = (__bss_end - __bss_start))

._user_heap_stack
                0x20000808      0x600 load address 0x08008cf8
                0x20000808                        . = ALIGN (0x8)
                [!provide]                        PROVIDE (end = .)
                0x20000808                        PROVIDE (_end = .)
                0x20000a08                        . = (. + _Min_Heap_Size)
 *fill*         0x20000808      0x200 
                0x20000e08                        . = (. + _Min_Stack_Size)
 *fill*         0x20000a08      0x400 
                0x20000e08                        . = ALIGN (0x8)

/DISCARD/
 libc.a:*(*)
 libm.a:*(*)
 libgcc.a:*(*)
OUTPUT(PRJ.elf elf32-littlearm)
LOAD linker stubs

.ARM.attributes
                0x00000000       0x29
 .ARM.attributes
                0x00000000       0x1d c:/progra~2/armgnu~1/12977f~1.2mp/bin/../lib/gcc/arm-none-eabi/12.2.1/thumb/v7-m/nofp/crti.o
 .ARM.attributes
                0x0000001d       0x2d c:/progra~2/armgnu~1/12977f~1.2mp/bin/../lib/gcc/arm-none-eabi/12.2.1/thumb/v7-m/nofp/crtbegin.o
 .ARM.attributes
                0x0000004a       0x2d cmake/stm32cubemx/CMakeFiles/STM32_Drivers.dir/__/__/Core/Src/system_stm32f1xx.c.obj
 .ARM.attributes
                0x00000077       0x2d cmake/stm32cubemx/CMakeFiles/STM32_Drivers.dir/__/__/Drivers/STM32F1xx_HAL_Driver/Src/stm32f1xx_hal_i2c.c.obj
 .ARM.attributes
                0x000000a4       0x2d cmake/stm32cubemx/CMakeFiles/STM32_Drivers.dir/__/__/Drivers/STM32F1xx_HAL_Driver/Src/stm32f1xx_hal.c.obj
 .ARM.attributes
                0x000000d1       0x2d cmake/stm32cubemx/CMakeFiles/STM32_Drivers.dir/__/__/Drivers/STM32F1xx_HAL_Driver/Src/stm32f1xx_hal_rcc.c.obj
 .ARM.attributes
                0x000000fe       0x2d cmake/stm32cubemx/CMakeFiles/STM32_Drivers.dir/__/__/Drivers/STM32F1xx_HAL_Driver/Src/stm32f1xx_hal_gpio.c.obj
 .ARM.attributes
                0x0000012b       0x2d cmake/stm32cubemx/CMakeFiles/STM32_Drivers.dir/__/__/Drivers/STM32F1xx_HAL_Driver/Src/stm32f1xx_hal_dma.c.obj
 .ARM.attributes
                0x00000158       0x2d cmake/stm32cubemx/CMakeFiles/STM32_Drivers.dir/__/__/Drivers/STM32F1xx_HAL_Driver/Src/stm32f1xx_hal_cortex.c.obj
 .ARM.attributes
                0x00000185       0x2d cmake/stm32cubemx/CMakeFiles/STM32_Drivers.dir/__/__/Drivers/STM32F1xx_HAL_Driver/Src/stm32f1xx_hal_flash.c.obj
 .ARM.attributes
                0x000001b2       0x2d cmake/stm32cubemx/CMakeFiles/STM32_Drivers.dir/__/__/Drivers/STM32F1xx_HAL_Driver/Src/stm32f1xx_hal_flash_ex.c.obj
 .ARM.attributes
                0x000001df       0x2d cmake/stm32cubemx/CMakeFiles/STM32_Drivers.dir/__/__/Drivers/STM32F1xx_HAL_Driver/Src/stm32f1xx_hal_spi.c.obj
 .ARM.attributes
                0x0000020c       0x2d cmake/stm32cubemx/CMakeFiles/STM32_Drivers.dir/__/__/Drivers/STM32F1xx_HAL_Driver/Src/stm32f1xx_hal_tim.c.obj
 .ARM.attributes
                0x00000239       0x2d cmake/stm32cubemx/CMakeFiles/STM32_Drivers.dir/__/__/Drivers/STM32F1xx_HAL_Driver/Src/stm32f1xx_hal_tim_ex.c.obj
 .ARM.attributes
                0x00000266       0x2d cmake/stm32cubemx/CMakeFiles/STM32_Drivers.dir/__/__/Drivers/STM32F1xx_HAL_Driver/Src/stm32f1xx_hal_uart.c.obj
 .ARM.attributes
                0x00000293       0x2d CMakeFiles/PRJ.dir/Core/Src/main.c.obj
 .ARM.attributes
                0x000002c0       0x2d CMakeFiles/PRJ.dir/Core/Src/stm32f1xx_it.c.obj
 .ARM.attributes
                0x000002ed       0x2d CMakeFiles/PRJ.dir/Core/Src/stm32f1xx_hal_msp.c.obj
 .ARM.attributes
                0x0000031a       0x2d CMakeFiles/PRJ.dir/Core/Src/sysmem.c.obj
 .ARM.attributes
                0x00000347       0x21 CMakeFiles/PRJ.dir/startup_stm32f103xb.s.obj
 .ARM.attributes
                0x00000368       0x2d CMakeFiles/PRJ.dir/Core/Src/mfrc522.c.obj
 .ARM.attributes
                0x00000395       0x2d CMakeFiles/PRJ.dir/Drivers/Modules/Src/App.c.obj
 .ARM.attributes
                0x000003c2       0x2d CMakeFiles/PRJ.dir/Drivers/Modules/Src/Buzzer.c.obj
 .ARM.attributes
                0x000003ef       0x2d CMakeFiles/PRJ.dir/Drivers/Modules/Src/Oled.c.obj
 .ARM.attributes
                0x0000041c       0x2d CMakeFiles/PRJ.dir/Drivers/Modules/Src/RC522.c.obj
 .ARM.attributes
                0x00000449       0x2d CMakeFiles/PRJ.dir/Drivers/Modules/Src/Servo.c.obj
 .ARM.attributes
                0x00000476       0x2d CMakeFiles/PRJ.dir/Drivers/Modules/Src/UART.c.obj
 .ARM.attributes
                0x000004a3       0x2d CMakeFiles/PRJ.dir/Drivers/Modules/Src/Keypad.c.obj
 .ARM.attributes
                0x000004d0       0x2d c:/progra~2/armgnu~1/12977f~1.2mp/bin/../lib/gcc/arm-none-eabi/12.2.1/thumb/v7-m/nofp\libg_nano.a(libc_a-findfp.o)
 .ARM.attributes
                0x000004fd       0x2d c:/progra~2/armgnu~1/12977f~1.2mp/bin/../lib/gcc/arm-none-eabi/12.2.1/thumb/v7-m/nofp\libg_nano.a(libc_a-snprintf.o)
 .ARM.attributes
                0x0000052a       0x2d c:/progra~2/armgnu~1/12977f~1.2mp/bin/../lib/gcc/arm-none-eabi/12.2.1/thumb/v7-m/nofp\libg_nano.a(libc_a-sprintf.o)
 .ARM.attributes
                0x00000557       0x2d c:/progra~2/armgnu~1/12977f~1.2mp/bin/../lib/gcc/arm-none-eabi/12.2.1/thumb/v7-m/nofp\libg_nano.a(libc_a-memcmp.o)
 .ARM.attributes
                0x00000584       0x2d c:/progra~2/armgnu~1/12977f~1.2mp/bin/../lib/gcc/arm-none-eabi/12.2.1/thumb/v7-m/nofp\libg_nano.a(libc_a-memset.o)
 .ARM.attributes
                0x000005b1       0x2d c:/progra~2/armgnu~1/12977f~1.2mp/bin/../lib/gcc/arm-none-eabi/12.2.1/thumb/v7-m/nofp\libg_nano.a(libc_a-reent.o)
 .ARM.attributes
                0x000005de       0x2d c:/progra~2/armgnu~1/12977f~1.2mp/bin/../lib/gcc/arm-none-eabi/12.2.1/thumb/v7-m/nofp\libg_nano.a(libc_a-impure.o)
 .ARM.attributes
                0x0000060b       0x2d c:/progra~2/armgnu~1/12977f~1.2mp/bin/../lib/gcc/arm-none-eabi/12.2.1/thumb/v7-m/nofp\libg_nano.a(libc_a-errno.o)
 .ARM.attributes
                0x00000638       0x2d c:/progra~2/armgnu~1/12977f~1.2mp/bin/../lib/gcc/arm-none-eabi/12.2.1/thumb/v7-m/nofp\libg_nano.a(libc_a-init.o)
 .ARM.attributes
                0x00000665       0x2d c:/progra~2/armgnu~1/12977f~1.2mp/bin/../lib/gcc/arm-none-eabi/12.2.1/thumb/v7-m/nofp\libg_nano.a(libc_a-lock.o)
 .ARM.attributes
                0x00000692       0x17 c:/progra~2/armgnu~1/12977f~1.2mp/bin/../lib/gcc/arm-none-eabi/12.2.1/thumb/v7-m/nofp\libg_nano.a(libc_a-strlen.o)
 .ARM.attributes
                0x000006a9       0x2d c:/progra~2/armgnu~1/12977f~1.2mp/bin/../lib/gcc/arm-none-eabi/12.2.1/thumb/v7-m/nofp\libg_nano.a(libc_a-freer.o)
 .ARM.attributes
                0x000006d6       0x2d c:/progra~2/armgnu~1/12977f~1.2mp/bin/../lib/gcc/arm-none-eabi/12.2.1/thumb/v7-m/nofp\libg_nano.a(libc_a-mallocr.o)
 .ARM.attributes
                0x00000703       0x2d c:/progra~2/armgnu~1/12977f~1.2mp/bin/../lib/gcc/arm-none-eabi/12.2.1/thumb/v7-m/nofp\libg_nano.a(libc_a-mlock.o)
 .ARM.attributes
                0x00000730       0x2d c:/progra~2/armgnu~1/12977f~1.2mp/bin/../lib/gcc/arm-none-eabi/12.2.1/thumb/v7-m/nofp\libg_nano.a(libc_a-nano-svfprintf.o)
 .ARM.attributes
                0x0000075d       0x2d c:/progra~2/armgnu~1/12977f~1.2mp/bin/../lib/gcc/arm-none-eabi/12.2.1/thumb/v7-m/nofp\libg_nano.a(libc_a-nano-vfprintf_i.o)
 .ARM.attributes
                0x0000078a       0x2d c:/progra~2/armgnu~1/12977f~1.2mp/bin/../lib/gcc/arm-none-eabi/12.2.1/thumb/v7-m/nofp\libg_nano.a(libc_a-memmove.o)
 .ARM.attributes
                0x000007b7       0x2d c:/progra~2/armgnu~1/12977f~1.2mp/bin/../lib/gcc/arm-none-eabi/12.2.1/thumb/v7-m/nofp\libg_nano.a(libc_a-sbrkr.o)
 .ARM.attributes
                0x000007e4       0x2d c:/progra~2/armgnu~1/12977f~1.2mp/bin/../lib/gcc/arm-none-eabi/12.2.1/thumb/v7-m/nofp\libg_nano.a(libc_a-memchr-stub.o)
 .ARM.attributes
                0x00000811       0x2d c:/progra~2/armgnu~1/12977f~1.2mp/bin/../lib/gcc/arm-none-eabi/12.2.1/thumb/v7-m/nofp\libg_nano.a(libc_a-memcpy-stub.o)
 .ARM.attributes
                0x0000083e       0x2d c:/progra~2/armgnu~1/12977f~1.2mp/bin/../lib/gcc/arm-none-eabi/12.2.1/thumb/v7-m/nofp\libg_nano.a(libc_a-reallocr.o)
 .ARM.attributes
                0x0000086b       0x2d c:/progra~2/armgnu~1/12977f~1.2mp/bin/../lib/gcc/arm-none-eabi/12.2.1/thumb/v7-m/nofp\libg_nano.a(libc_a-msizer.o)
 .ARM.attributes
                0x00000898       0x2d c:/progra~2/armgnu~1/12977f~1.2mp/bin/../lib/gcc/arm-none-eabi/12.2.1/thumb/v7-m/nofp/crtend.o
 .ARM.attributes
                0x000008c5       0x1d c:/progra~2/armgnu~1/12977f~1.2mp/bin/../lib/gcc/arm-none-eabi/12.2.1/thumb/v7-m/nofp/crtn.o

.comment        0x00000000       0x55
 .comment       0x00000000       0x55 cmake/stm32cubemx/CMakeFiles/STM32_Drivers.dir/__/__/Core/Src/system_stm32f1xx.c.obj
                                 0x56 (size before relaxing)
 .comment       0x00000055       0x56 cmake/stm32cubemx/CMakeFiles/STM32_Drivers.dir/__/__/Drivers/STM32F1xx_HAL_Driver/Src/stm32f1xx_hal_i2c.c.obj
 .comment       0x00000055       0x56 cmake/stm32cubemx/CMakeFiles/STM32_Drivers.dir/__/__/Drivers/STM32F1xx_HAL_Driver/Src/stm32f1xx_hal.c.obj
 .comment       0x00000055       0x56 cmake/stm32cubemx/CMakeFiles/STM32_Drivers.dir/__/__/Drivers/STM32F1xx_HAL_Driver/Src/stm32f1xx_hal_rcc.c.obj
 .comment       0x00000055       0x56 cmake/stm32cubemx/CMakeFiles/STM32_Drivers.dir/__/__/Drivers/STM32F1xx_HAL_Driver/Src/stm32f1xx_hal_gpio.c.obj
 .comment       0x00000055       0x56 cmake/stm32cubemx/CMakeFiles/STM32_Drivers.dir/__/__/Drivers/STM32F1xx_HAL_Driver/Src/stm32f1xx_hal_dma.c.obj
 .comment       0x00000055       0x56 cmake/stm32cubemx/CMakeFiles/STM32_Drivers.dir/__/__/Drivers/STM32F1xx_HAL_Driver/Src/stm32f1xx_hal_cortex.c.obj
 .comment       0x00000055       0x56 cmake/stm32cubemx/CMakeFiles/STM32_Drivers.dir/__/__/Drivers/STM32F1xx_HAL_Driver/Src/stm32f1xx_hal_flash.c.obj
 .comment       0x00000055       0x56 cmake/stm32cubemx/CMakeFiles/STM32_Drivers.dir/__/__/Drivers/STM32F1xx_HAL_Driver/Src/stm32f1xx_hal_flash_ex.c.obj
 .comment       0x00000055       0x56 cmake/stm32cubemx/CMakeFiles/STM32_Drivers.dir/__/__/Drivers/STM32F1xx_HAL_Driver/Src/stm32f1xx_hal_spi.c.obj
 .comment       0x00000055       0x56 cmake/stm32cubemx/CMakeFiles/STM32_Drivers.dir/__/__/Drivers/STM32F1xx_HAL_Driver/Src/stm32f1xx_hal_tim.c.obj
 .comment       0x00000055       0x56 cmake/stm32cubemx/CMakeFiles/STM32_Drivers.dir/__/__/Drivers/STM32F1xx_HAL_Driver/Src/stm32f1xx_hal_tim_ex.c.obj
 .comment       0x00000055       0x56 cmake/stm32cubemx/CMakeFiles/STM32_Drivers.dir/__/__/Drivers/STM32F1xx_HAL_Driver/Src/stm32f1xx_hal_uart.c.obj
 .comment       0x00000055       0x56 CMakeFiles/PRJ.dir/Core/Src/main.c.obj
 .comment       0x00000055       0x56 CMakeFiles/PRJ.dir/Core/Src/stm32f1xx_it.c.obj
 .comment       0x00000055       0x56 CMakeFiles/PRJ.dir/Core/Src/stm32f1xx_hal_msp.c.obj
 .comment       0x00000055       0x56 CMakeFiles/PRJ.dir/Core/Src/sysmem.c.obj
 .comment       0x00000055       0x56 CMakeFiles/PRJ.dir/Core/Src/mfrc522.c.obj
 .comment       0x00000055       0x56 CMakeFiles/PRJ.dir/Drivers/Modules/Src/App.c.obj
 .comment       0x00000055       0x56 CMakeFiles/PRJ.dir/Drivers/Modules/Src/Buzzer.c.obj
 .comment       0x00000055       0x56 CMakeFiles/PRJ.dir/Drivers/Modules/Src/Oled.c.obj
 .comment       0x00000055       0x56 CMakeFiles/PRJ.dir/Drivers/Modules/Src/RC522.c.obj
 .comment       0x00000055       0x56 CMakeFiles/PRJ.dir/Drivers/Modules/Src/Servo.c.obj
 .comment       0x00000055       0x56 CMakeFiles/PRJ.dir/Drivers/Modules/Src/UART.c.obj
 .comment       0x00000055       0x56 CMakeFiles/PRJ.dir/Drivers/Modules/Src/Keypad.c.obj

.debug_info     0x00000000    0x16654
 .debug_info    0x00000000      0x222 cmake/stm32cubemx/CMakeFiles/STM32_Drivers.dir/__/__/Core/Src/system_stm32f1xx.c.obj
 .debug_info    0x00000222     0x2524 cmake/stm32cubemx/CMakeFiles/STM32_Drivers.dir/__/__/Drivers/STM32F1xx_HAL_Driver/Src/stm32f1xx_hal_i2c.c.obj
 .debug_info    0x00002746      0x704 cmake/stm32cubemx/CMakeFiles/STM32_Drivers.dir/__/__/Drivers/STM32F1xx_HAL_Driver/Src/stm32f1xx_hal.c.obj
 .debug_info    0x00002e4a      0x7d5 cmake/stm32cubemx/CMakeFiles/STM32_Drivers.dir/__/__/Drivers/STM32F1xx_HAL_Driver/Src/stm32f1xx_hal_rcc.c.obj
 .debug_info    0x0000361f      0x5ab cmake/stm32cubemx/CMakeFiles/STM32_Drivers.dir/__/__/Drivers/STM32F1xx_HAL_Driver/Src/stm32f1xx_hal_gpio.c.obj
 .debug_info    0x00003bca      0x6d2 cmake/stm32cubemx/CMakeFiles/STM32_Drivers.dir/__/__/Drivers/STM32F1xx_HAL_Driver/Src/stm32f1xx_hal_dma.c.obj
 .debug_info    0x0000429c      0xa87 cmake/stm32cubemx/CMakeFiles/STM32_Drivers.dir/__/__/Drivers/STM32F1xx_HAL_Driver/Src/stm32f1xx_hal_cortex.c.obj
 .debug_info    0x00004d23      0x4f8 cmake/stm32cubemx/CMakeFiles/STM32_Drivers.dir/__/__/Drivers/STM32F1xx_HAL_Driver/Src/stm32f1xx_hal_flash.c.obj
 .debug_info    0x0000521b      0x777 cmake/stm32cubemx/CMakeFiles/STM32_Drivers.dir/__/__/Drivers/STM32F1xx_HAL_Driver/Src/stm32f1xx_hal_flash_ex.c.obj
 .debug_info    0x00005992     0x142d cmake/stm32cubemx/CMakeFiles/STM32_Drivers.dir/__/__/Drivers/STM32F1xx_HAL_Driver/Src/stm32f1xx_hal_spi.c.obj
 .debug_info    0x00006dbf     0x2959 cmake/stm32cubemx/CMakeFiles/STM32_Drivers.dir/__/__/Drivers/STM32F1xx_HAL_Driver/Src/stm32f1xx_hal_tim.c.obj
 .debug_info    0x00009718     0x149b cmake/stm32cubemx/CMakeFiles/STM32_Drivers.dir/__/__/Drivers/STM32F1xx_HAL_Driver/Src/stm32f1xx_hal_tim_ex.c.obj
 .debug_info    0x0000abb3     0x2eed cmake/stm32cubemx/CMakeFiles/STM32_Drivers.dir/__/__/Drivers/STM32F1xx_HAL_Driver/Src/stm32f1xx_hal_uart.c.obj
 .debug_info    0x0000daa0     0x178a CMakeFiles/PRJ.dir/Core/Src/main.c.obj
 .debug_info    0x0000f22a      0x991 CMakeFiles/PRJ.dir/Core/Src/stm32f1xx_it.c.obj
 .debug_info    0x0000fbbb     0x138f CMakeFiles/PRJ.dir/Core/Src/stm32f1xx_hal_msp.c.obj
 .debug_info    0x00010f4a      0x168 CMakeFiles/PRJ.dir/Core/Src/sysmem.c.obj
 .debug_info    0x000110b2       0x30 CMakeFiles/PRJ.dir/startup_stm32f103xb.s.obj
 .debug_info    0x000110e2      0xc5f CMakeFiles/PRJ.dir/Core/Src/mfrc522.c.obj
 .debug_info    0x00011d41     0x159c CMakeFiles/PRJ.dir/Drivers/Modules/Src/App.c.obj
 .debug_info    0x000132dd      0x1ee CMakeFiles/PRJ.dir/Drivers/Modules/Src/Buzzer.c.obj
 .debug_info    0x000134cb      0xb20 CMakeFiles/PRJ.dir/Drivers/Modules/Src/Oled.c.obj
 .debug_info    0x00013feb     0x115a CMakeFiles/PRJ.dir/Drivers/Modules/Src/RC522.c.obj
 .debug_info    0x00015145      0x6f0 CMakeFiles/PRJ.dir/Drivers/Modules/Src/Servo.c.obj
 .debug_info    0x00015835      0x678 CMakeFiles/PRJ.dir/Drivers/Modules/Src/UART.c.obj
 .debug_info    0x00015ead      0x7a7 CMakeFiles/PRJ.dir/Drivers/Modules/Src/Keypad.c.obj

.debug_abbrev   0x00000000     0x3838
 .debug_abbrev  0x00000000      0x13f cmake/stm32cubemx/CMakeFiles/STM32_Drivers.dir/__/__/Core/Src/system_stm32f1xx.c.obj
 .debug_abbrev  0x0000013f      0x2a3 cmake/stm32cubemx/CMakeFiles/STM32_Drivers.dir/__/__/Drivers/STM32F1xx_HAL_Driver/Src/stm32f1xx_hal_i2c.c.obj
 .debug_abbrev  0x000003e2      0x201 cmake/stm32cubemx/CMakeFiles/STM32_Drivers.dir/__/__/Drivers/STM32F1xx_HAL_Driver/Src/stm32f1xx_hal.c.obj
 .debug_abbrev  0x000005e3      0x2b3 cmake/stm32cubemx/CMakeFiles/STM32_Drivers.dir/__/__/Drivers/STM32F1xx_HAL_Driver/Src/stm32f1xx_hal_rcc.c.obj
 .debug_abbrev  0x00000896      0x1ca cmake/stm32cubemx/CMakeFiles/STM32_Drivers.dir/__/__/Drivers/STM32F1xx_HAL_Driver/Src/stm32f1xx_hal_gpio.c.obj
 .debug_abbrev  0x00000a60      0x20b cmake/stm32cubemx/CMakeFiles/STM32_Drivers.dir/__/__/Drivers/STM32F1xx_HAL_Driver/Src/stm32f1xx_hal_dma.c.obj
 .debug_abbrev  0x00000c6b      0x2f8 cmake/stm32cubemx/CMakeFiles/STM32_Drivers.dir/__/__/Drivers/STM32F1xx_HAL_Driver/Src/stm32f1xx_hal_cortex.c.obj
 .debug_abbrev  0x00000f63      0x250 cmake/stm32cubemx/CMakeFiles/STM32_Drivers.dir/__/__/Drivers/STM32F1xx_HAL_Driver/Src/stm32f1xx_hal_flash.c.obj
 .debug_abbrev  0x000011b3      0x247 cmake/stm32cubemx/CMakeFiles/STM32_Drivers.dir/__/__/Drivers/STM32F1xx_HAL_Driver/Src/stm32f1xx_hal_flash_ex.c.obj
 .debug_abbrev  0x000013fa      0x27a cmake/stm32cubemx/CMakeFiles/STM32_Drivers.dir/__/__/Drivers/STM32F1xx_HAL_Driver/Src/stm32f1xx_hal_spi.c.obj
 .debug_abbrev  0x00001674      0x277 cmake/stm32cubemx/CMakeFiles/STM32_Drivers.dir/__/__/Drivers/STM32F1xx_HAL_Driver/Src/stm32f1xx_hal_tim.c.obj
 .debug_abbrev  0x000018eb      0x282 cmake/stm32cubemx/CMakeFiles/STM32_Drivers.dir/__/__/Drivers/STM32F1xx_HAL_Driver/Src/stm32f1xx_hal_tim_ex.c.obj
 .debug_abbrev  0x00001b6d      0x2f8 cmake/stm32cubemx/CMakeFiles/STM32_Drivers.dir/__/__/Drivers/STM32F1xx_HAL_Driver/Src/stm32f1xx_hal_uart.c.obj
 .debug_abbrev  0x00001e65      0x2e6 CMakeFiles/PRJ.dir/Core/Src/main.c.obj
 .debug_abbrev  0x0000214b      0x1c9 CMakeFiles/PRJ.dir/Core/Src/stm32f1xx_it.c.obj
 .debug_abbrev  0x00002314      0x21f CMakeFiles/PRJ.dir/Core/Src/stm32f1xx_hal_msp.c.obj
 .debug_abbrev  0x00002533       0xbc CMakeFiles/PRJ.dir/Core/Src/sysmem.c.obj
 .debug_abbrev  0x000025ef       0x24 CMakeFiles/PRJ.dir/startup_stm32f103xb.s.obj
 .debug_abbrev  0x00002613      0x278 CMakeFiles/PRJ.dir/Core/Src/mfrc522.c.obj
 .debug_abbrev  0x0000288b      0x246 CMakeFiles/PRJ.dir/Drivers/Modules/Src/App.c.obj
 .debug_abbrev  0x00002ad1      0x151 CMakeFiles/PRJ.dir/Drivers/Modules/Src/Buzzer.c.obj
 .debug_abbrev  0x00002c22      0x2a6 CMakeFiles/PRJ.dir/Drivers/Modules/Src/Oled.c.obj
 .debug_abbrev  0x00002ec8      0x384 CMakeFiles/PRJ.dir/Drivers/Modules/Src/RC522.c.obj
 .debug_abbrev  0x0000324c      0x19f CMakeFiles/PRJ.dir/Drivers/Modules/Src/Servo.c.obj
 .debug_abbrev  0x000033eb      0x1b7 CMakeFiles/PRJ.dir/Drivers/Modules/Src/UART.c.obj
 .debug_abbrev  0x000035a2      0x296 CMakeFiles/PRJ.dir/Drivers/Modules/Src/Keypad.c.obj

.debug_aranges  0x00000000     0x14f8
 .debug_aranges
                0x00000000       0x28 cmake/stm32cubemx/CMakeFiles/STM32_Drivers.dir/__/__/Core/Src/system_stm32f1xx.c.obj
 .debug_aranges
                0x00000028      0x2a8 cmake/stm32cubemx/CMakeFiles/STM32_Drivers.dir/__/__/Drivers/STM32F1xx_HAL_Driver/Src/stm32f1xx_hal_i2c.c.obj
 .debug_aranges
                0x000002d0       0xe0 cmake/stm32cubemx/CMakeFiles/STM32_Drivers.dir/__/__/Drivers/STM32F1xx_HAL_Driver/Src/stm32f1xx_hal.c.obj
 .debug_aranges
                0x000003b0       0x90 cmake/stm32cubemx/CMakeFiles/STM32_Drivers.dir/__/__/Drivers/STM32F1xx_HAL_Driver/Src/stm32f1xx_hal_rcc.c.obj
 .debug_aranges
                0x00000440       0x58 cmake/stm32cubemx/CMakeFiles/STM32_Drivers.dir/__/__/Drivers/STM32F1xx_HAL_Driver/Src/stm32f1xx_hal_gpio.c.obj
 .debug_aranges
                0x00000498       0x80 cmake/stm32cubemx/CMakeFiles/STM32_Drivers.dir/__/__/Drivers/STM32F1xx_HAL_Driver/Src/stm32f1xx_hal_dma.c.obj
 .debug_aranges
                0x00000518      0x100 cmake/stm32cubemx/CMakeFiles/STM32_Drivers.dir/__/__/Drivers/STM32F1xx_HAL_Driver/Src/stm32f1xx_hal_cortex.c.obj
 .debug_aranges
                0x00000618       0x88 cmake/stm32cubemx/CMakeFiles/STM32_Drivers.dir/__/__/Drivers/STM32F1xx_HAL_Driver/Src/stm32f1xx_hal_flash.c.obj
 .debug_aranges
                0x000006a0       0x98 cmake/stm32cubemx/CMakeFiles/STM32_Drivers.dir/__/__/Drivers/STM32F1xx_HAL_Driver/Src/stm32f1xx_hal_flash_ex.c.obj
 .debug_aranges
                0x00000738      0x1d0 cmake/stm32cubemx/CMakeFiles/STM32_Drivers.dir/__/__/Drivers/STM32F1xx_HAL_Driver/Src/stm32f1xx_hal_spi.c.obj
 .debug_aranges
                0x00000908      0x3d0 cmake/stm32cubemx/CMakeFiles/STM32_Drivers.dir/__/__/Drivers/STM32F1xx_HAL_Driver/Src/stm32f1xx_hal_tim.c.obj
 .debug_aranges
                0x00000cd8      0x168 cmake/stm32cubemx/CMakeFiles/STM32_Drivers.dir/__/__/Drivers/STM32F1xx_HAL_Driver/Src/stm32f1xx_hal_tim_ex.c.obj
 .debug_aranges
                0x00000e40      0x208 cmake/stm32cubemx/CMakeFiles/STM32_Drivers.dir/__/__/Drivers/STM32F1xx_HAL_Driver/Src/stm32f1xx_hal_uart.c.obj
 .debug_aranges
                0x00001048       0x58 CMakeFiles/PRJ.dir/Core/Src/main.c.obj
 .debug_aranges
                0x000010a0       0x88 CMakeFiles/PRJ.dir/Core/Src/stm32f1xx_it.c.obj
 .debug_aranges
                0x00001128       0x68 CMakeFiles/PRJ.dir/Core/Src/stm32f1xx_hal_msp.c.obj
 .debug_aranges
                0x00001190       0x20 CMakeFiles/PRJ.dir/Core/Src/sysmem.c.obj
 .debug_aranges
                0x000011b0       0x28 CMakeFiles/PRJ.dir/startup_stm32f103xb.s.obj
 .debug_aranges
                0x000011d8       0xa8 CMakeFiles/PRJ.dir/Core/Src/mfrc522.c.obj
 .debug_aranges
                0x00001280       0x30 CMakeFiles/PRJ.dir/Drivers/Modules/Src/App.c.obj
 .debug_aranges
                0x000012b0       0x30 CMakeFiles/PRJ.dir/Drivers/Modules/Src/Buzzer.c.obj
 .debug_aranges
                0x000012e0       0x88 CMakeFiles/PRJ.dir/Drivers/Modules/Src/Oled.c.obj
 .debug_aranges
                0x00001368       0xd8 CMakeFiles/PRJ.dir/Drivers/Modules/Src/RC522.c.obj
 .debug_aranges
                0x00001440       0x28 CMakeFiles/PRJ.dir/Drivers/Modules/Src/Servo.c.obj
 .debug_aranges
                0x00001468       0x30 CMakeFiles/PRJ.dir/Drivers/Modules/Src/UART.c.obj
 .debug_aranges
                0x00001498       0x60 CMakeFiles/PRJ.dir/Drivers/Modules/Src/Keypad.c.obj

.debug_rnglists
                0x00000000     0x1074
 .debug_rnglists
                0x00000000       0x1a cmake/stm32cubemx/CMakeFiles/STM32_Drivers.dir/__/__/Core/Src/system_stm32f1xx.c.obj
 .debug_rnglists
                0x0000001a      0x23c cmake/stm32cubemx/CMakeFiles/STM32_Drivers.dir/__/__/Drivers/STM32F1xx_HAL_Driver/Src/stm32f1xx_hal_i2c.c.obj
 .debug_rnglists
                0x00000256       0xa3 cmake/stm32cubemx/CMakeFiles/STM32_Drivers.dir/__/__/Drivers/STM32F1xx_HAL_Driver/Src/stm32f1xx_hal.c.obj
 .debug_rnglists
                0x000002f9       0x6c cmake/stm32cubemx/CMakeFiles/STM32_Drivers.dir/__/__/Drivers/STM32F1xx_HAL_Driver/Src/stm32f1xx_hal_rcc.c.obj
 .debug_rnglists
                0x00000365       0x3f cmake/stm32cubemx/CMakeFiles/STM32_Drivers.dir/__/__/Drivers/STM32F1xx_HAL_Driver/Src/stm32f1xx_hal_gpio.c.obj
 .debug_rnglists
                0x000003a4       0x64 cmake/stm32cubemx/CMakeFiles/STM32_Drivers.dir/__/__/Drivers/STM32F1xx_HAL_Driver/Src/stm32f1xx_hal_dma.c.obj
 .debug_rnglists
                0x00000408       0xbb cmake/stm32cubemx/CMakeFiles/STM32_Drivers.dir/__/__/Drivers/STM32F1xx_HAL_Driver/Src/stm32f1xx_hal_cortex.c.obj
 .debug_rnglists
                0x000004c3       0x66 cmake/stm32cubemx/CMakeFiles/STM32_Drivers.dir/__/__/Drivers/STM32F1xx_HAL_Driver/Src/stm32f1xx_hal_flash.c.obj
 .debug_rnglists
                0x00000529       0x73 cmake/stm32cubemx/CMakeFiles/STM32_Drivers.dir/__/__/Drivers/STM32F1xx_HAL_Driver/Src/stm32f1xx_hal_flash_ex.c.obj
 .debug_rnglists
                0x0000059c      0x16e cmake/stm32cubemx/CMakeFiles/STM32_Drivers.dir/__/__/Drivers/STM32F1xx_HAL_Driver/Src/stm32f1xx_hal_spi.c.obj
 .debug_rnglists
                0x0000070a      0x31a cmake/stm32cubemx/CMakeFiles/STM32_Drivers.dir/__/__/Drivers/STM32F1xx_HAL_Driver/Src/stm32f1xx_hal_tim.c.obj
 .debug_rnglists
                0x00000a24      0x125 cmake/stm32cubemx/CMakeFiles/STM32_Drivers.dir/__/__/Drivers/STM32F1xx_HAL_Driver/Src/stm32f1xx_hal_tim_ex.c.obj
 .debug_rnglists
                0x00000b49      0x1bc cmake/stm32cubemx/CMakeFiles/STM32_Drivers.dir/__/__/Drivers/STM32F1xx_HAL_Driver/Src/stm32f1xx_hal_uart.c.obj
 .debug_rnglists
                0x00000d05       0x40 CMakeFiles/PRJ.dir/Core/Src/main.c.obj
 .debug_rnglists
                0x00000d45       0x61 CMakeFiles/PRJ.dir/Core/Src/stm32f1xx_it.c.obj
 .debug_rnglists
                0x00000da6       0x4b CMakeFiles/PRJ.dir/Core/Src/stm32f1xx_hal_msp.c.obj
 .debug_rnglists
                0x00000df1       0x13 CMakeFiles/PRJ.dir/Core/Src/sysmem.c.obj
 .debug_rnglists
                0x00000e04       0x19 CMakeFiles/PRJ.dir/startup_stm32f103xb.s.obj
 .debug_rnglists
                0x00000e1d       0x7d CMakeFiles/PRJ.dir/Core/Src/mfrc522.c.obj
 .debug_rnglists
                0x00000e9a       0x20 CMakeFiles/PRJ.dir/Drivers/Modules/Src/App.c.obj
 .debug_rnglists
                0x00000eba       0x1f CMakeFiles/PRJ.dir/Drivers/Modules/Src/Buzzer.c.obj
 .debug_rnglists
                0x00000ed9       0x67 CMakeFiles/PRJ.dir/Drivers/Modules/Src/Oled.c.obj
 .debug_rnglists
                0x00000f40       0xab CMakeFiles/PRJ.dir/Drivers/Modules/Src/RC522.c.obj
 .debug_rnglists
                0x00000feb       0x1a CMakeFiles/PRJ.dir/Drivers/Modules/Src/Servo.c.obj
 .debug_rnglists
                0x00001005       0x1f CMakeFiles/PRJ.dir/Drivers/Modules/Src/UART.c.obj
 .debug_rnglists
                0x00001024       0x50 CMakeFiles/PRJ.dir/Drivers/Modules/Src/Keypad.c.obj

.debug_macro    0x00000000    0x19df2
 .debug_macro   0x00000000      0x1b7 cmake/stm32cubemx/CMakeFiles/STM32_Drivers.dir/__/__/Core/Src/system_stm32f1xx.c.obj
 .debug_macro   0x000001b7      0xac0 cmake/stm32cubemx/CMakeFiles/STM32_Drivers.dir/__/__/Core/Src/system_stm32f1xx.c.obj
 .debug_macro   0x00000c77       0x2e cmake/stm32cubemx/CMakeFiles/STM32_Drivers.dir/__/__/Core/Src/system_stm32f1xx.c.obj
 .debug_macro   0x00000ca5       0x22 cmake/stm32cubemx/CMakeFiles/STM32_Drivers.dir/__/__/Core/Src/system_stm32f1xx.c.obj
 .debug_macro   0x00000cc7       0x22 cmake/stm32cubemx/CMakeFiles/STM32_Drivers.dir/__/__/Core/Src/system_stm32f1xx.c.obj
 .debug_macro   0x00000ce9       0x8e cmake/stm32cubemx/CMakeFiles/STM32_Drivers.dir/__/__/Core/Src/system_stm32f1xx.c.obj
 .debug_macro   0x00000d77       0x51 cmake/stm32cubemx/CMakeFiles/STM32_Drivers.dir/__/__/Core/Src/system_stm32f1xx.c.obj
 .debug_macro   0x00000dc8      0x103 cmake/stm32cubemx/CMakeFiles/STM32_Drivers.dir/__/__/Core/Src/system_stm32f1xx.c.obj
 .debug_macro   0x00000ecb       0x6a cmake/stm32cubemx/CMakeFiles/STM32_Drivers.dir/__/__/Core/Src/system_stm32f1xx.c.obj
 .debug_macro   0x00000f35      0x1df cmake/stm32cubemx/CMakeFiles/STM32_Drivers.dir/__/__/Core/Src/system_stm32f1xx.c.obj
 .debug_macro   0x00001114       0x1c cmake/stm32cubemx/CMakeFiles/STM32_Drivers.dir/__/__/Core/Src/system_stm32f1xx.c.obj
 .debug_macro   0x00001130       0x22 cmake/stm32cubemx/CMakeFiles/STM32_Drivers.dir/__/__/Core/Src/system_stm32f1xx.c.obj